Component: Arm Compiler for Embedded 6.19 Tool: armlink [5e73cb00]

==============================================================================

Section Cross References

    startup_stm32f10x_md.o(STACK) refers (Special) to heapauxi.o(.text) for __use_two_region_memory
    startup_stm32f10x_md.o(HEAP) refers (Special) to heapauxi.o(.text) for __use_two_region_memory
    startup_stm32f10x_md.o(RESET) refers (Special) to heapauxi.o(.text) for __use_two_region_memory
    startup_stm32f10x_md.o(RESET) refers to startup_stm32f10x_md.o(STACK) for __initial_sp
    startup_stm32f10x_md.o(RESET) refers to startup_stm32f10x_md.o(.text) for Reset_Handler
    startup_stm32f10x_md.o(RESET) refers to stm32f10x_it.o(.text.NMI_Handler) for NMI_Handler
    startup_stm32f10x_md.o(RESET) refers to stm32f10x_it.o(.text.HardFault_Handler) for HardFault_Handler
    startup_stm32f10x_md.o(RESET) refers to stm32f10x_it.o(.text.MemManage_Handler) for MemManage_Handler
    startup_stm32f10x_md.o(RESET) refers to stm32f10x_it.o(.text.BusFault_Handler) for BusFault_Handler
    startup_stm32f10x_md.o(RESET) refers to stm32f10x_it.o(.text.UsageFault_Handler) for UsageFault_Handler
    startup_stm32f10x_md.o(RESET) refers to stm32f10x_it.o(.text.SVC_Handler) for SVC_Handler
    startup_stm32f10x_md.o(RESET) refers to stm32f10x_it.o(.text.DebugMon_Handler) for DebugMon_Handler
    startup_stm32f10x_md.o(RESET) refers to stm32f10x_it.o(.text.PendSV_Handler) for PendSV_Handler
    startup_stm32f10x_md.o(RESET) refers to stm32f10x_it.o(.text.SysTick_Handler) for SysTick_Handler
    startup_stm32f10x_md.o(RESET) refers to timer.o(.text.TIM2_IRQHandler) for TIM2_IRQHandler
    startup_stm32f10x_md.o(RESET) refers to timer.o(.text.TIM3_IRQHandler) for TIM3_IRQHandler
    startup_stm32f10x_md.o(RESET) refers to timer.o(.text.TIM4_IRQHandler) for TIM4_IRQHandler
    startup_stm32f10x_md.o(RESET) refers to key.o(.text.EXTI15_10_IRQHandler) for EXTI15_10_IRQHandler
    startup_stm32f10x_md.o(.text) refers (Special) to heapauxi.o(.text) for __use_two_region_memory
    startup_stm32f10x_md.o(.text) refers to system_stm32f10x.o(.text.SystemInit) for SystemInit
    startup_stm32f10x_md.o(.text) refers to __main.o(!!!main) for __main
    startup_stm32f10x_md.o(.text) refers to startup_stm32f10x_md.o(HEAP) for Heap_Mem
    startup_stm32f10x_md.o(.text) refers to startup_stm32f10x_md.o(STACK) for Stack_Mem
    system_stm32f10x.o(.ARM.exidx.text.SystemInit) refers to system_stm32f10x.o(.text.SystemInit) for [Anonymous Symbol]
    system_stm32f10x.o(.text.SystemCoreClockUpdate) refers to system_stm32f10x.o(.data.SystemCoreClock) for SystemCoreClock
    system_stm32f10x.o(.text.SystemCoreClockUpdate) refers to system_stm32f10x.o(.rodata.AHBPrescTable) for AHBPrescTable
    system_stm32f10x.o(.ARM.exidx.text.SystemCoreClockUpdate) refers to system_stm32f10x.o(.text.SystemCoreClockUpdate) for [Anonymous Symbol]
    misc.o(.ARM.exidx.text.NVIC_PriorityGroupConfig) refers to misc.o(.text.NVIC_PriorityGroupConfig) for [Anonymous Symbol]
    misc.o(.ARM.exidx.text.NVIC_Init) refers to misc.o(.text.NVIC_Init) for [Anonymous Symbol]
    misc.o(.ARM.exidx.text.NVIC_SetVectorTable) refers to misc.o(.text.NVIC_SetVectorTable) for [Anonymous Symbol]
    misc.o(.ARM.exidx.text.NVIC_SystemLPConfig) refers to misc.o(.text.NVIC_SystemLPConfig) for [Anonymous Symbol]
    misc.o(.ARM.exidx.text.SysTick_CLKSourceConfig) refers to misc.o(.text.SysTick_CLKSourceConfig) for [Anonymous Symbol]
    stm32f10x_adc.o(.text.ADC_DeInit) refers to stm32f10x_rcc.o(.text.RCC_APB2PeriphResetCmd) for RCC_APB2PeriphResetCmd
    stm32f10x_adc.o(.ARM.exidx.text.ADC_DeInit) refers to stm32f10x_adc.o(.text.ADC_DeInit) for [Anonymous Symbol]
    stm32f10x_adc.o(.ARM.exidx.text.ADC_Init) refers to stm32f10x_adc.o(.text.ADC_Init) for [Anonymous Symbol]
    stm32f10x_adc.o(.ARM.exidx.text.ADC_StructInit) refers to stm32f10x_adc.o(.text.ADC_StructInit) for [Anonymous Symbol]
    stm32f10x_adc.o(.ARM.exidx.text.ADC_Cmd) refers to stm32f10x_adc.o(.text.ADC_Cmd) for [Anonymous Symbol]
    stm32f10x_adc.o(.ARM.exidx.text.ADC_DMACmd) refers to stm32f10x_adc.o(.text.ADC_DMACmd) for [Anonymous Symbol]
    stm32f10x_adc.o(.ARM.exidx.text.ADC_ITConfig) refers to stm32f10x_adc.o(.text.ADC_ITConfig) for [Anonymous Symbol]
    stm32f10x_adc.o(.ARM.exidx.text.ADC_ResetCalibration) refers to stm32f10x_adc.o(.text.ADC_ResetCalibration) for [Anonymous Symbol]
    stm32f10x_adc.o(.ARM.exidx.text.ADC_GetResetCalibrationStatus) refers to stm32f10x_adc.o(.text.ADC_GetResetCalibrationStatus) for [Anonymous Symbol]
    stm32f10x_adc.o(.ARM.exidx.text.ADC_StartCalibration) refers to stm32f10x_adc.o(.text.ADC_StartCalibration) for [Anonymous Symbol]
    stm32f10x_adc.o(.ARM.exidx.text.ADC_GetCalibrationStatus) refers to stm32f10x_adc.o(.text.ADC_GetCalibrationStatus) for [Anonymous Symbol]
[...]
    [Anonymous Symbol]                       0x08003e14   Section        0  inv_mpu.o(.text.mpu_read_fifo_stream)
    [Anonymous Symbol]                       0x08003ec0   Section        0  inv_mpu.o(.text.mpu_reset_fifo)
    [Anonymous Symbol]                       0x08004034   Section        0  inv_mpu.o(.text.mpu_run_self_test)
    [Anonymous Symbol]                       0x080044ec   Section        0  inv_mpu.o(.text.mpu_set_accel_fsr)
    [Anonymous Symbol]                       0x08004564   Section        0  inv_mpu.o(.text.mpu_set_bypass)
    [Anonymous Symbol]                       0x08004650   Section        0  inv_mpu.o(.text.mpu_set_dmp_state)
    [Anonymous Symbol]                       0x08004730   Section        0  inv_mpu.o(.text.mpu_set_lpf)
    [Anonymous Symbol]                       0x080047a0   Section        0  inv_mpu.o(.text.mpu_set_sample_rate)
    [Anonymous Symbol]                       0x0800487c   Section        0  inv_mpu.o(.text.mpu_set_sensors)
    [Anonymous Symbol]                       0x08004974   Section        0  inv_mpu.o(.text.mpu_write_mem)
    [Anonymous Symbol]                       0x080049d8   Section        0  inv_mpu.o(.text.myget_ms)
    i.__ARM_fpclassify                       0x080049da   Section        0  fpclassify.o(i.__ARM_fpclassify)
    i.__kernel_poly                          0x08004a02   Section        0  poly.o(i.__kernel_poly)
    i.__mathlib_dbl_infnan                   0x08004aac   Section        0  dunder.o(i.__mathlib_dbl_infnan)
    i.__mathlib_dbl_infnan2                  0x08004ab2   Section        0  dunder.o(i.__mathlib_dbl_infnan2)
    i.__mathlib_dbl_invalid                  0x08004ab6   Section        0  dunder.o(i.__mathlib_dbl_invalid)
    i.__mathlib_dbl_underflow                0x08004ac4   Section        0  dunder.o(i.__mathlib_dbl_underflow)
    i.asin                                   0x08004ad4   Section        0  asin.o(i.asin)
    i.atan                                   0x08004d44   Section        0  atan.o(i.atan)
    i.atan2                                  0x08004f64   Section        0  atan2.o(i.atan2)
    i.sqrt                                   0x08005100   Section        0  sqrt.o(i.sqrt)
    x$fpl$d2f                                0x0800514c   Section       98  d2f.o(x$fpl$d2f)
    x$fpl$dadd                               0x080051b0   Section      336  daddsub_clz.o(x$fpl$dadd)
    _dadd1                                   0x080051c1   Thumb Code     0  daddsub_clz.o(x$fpl$dadd)
    x$fpl$dcheck1                            0x08005300   Section       16  dcheck1.o(x$fpl$dcheck1)
    x$fpl$dcmpinf                            0x08005310   Section       24  dcmpi.o(x$fpl$dcmpinf)
    x$fpl$ddiv                               0x08005328   Section      692  ddiv.o(x$fpl$ddiv)
    ddiv_entry                               0x0800532f   Thumb Code     0  ddiv.o(x$fpl$ddiv)
    x$fpl$deqf                               0x080055dc   Section      120  deqf.o(x$fpl$deqf)
    x$fpl$dfltu                              0x08005654   Section       38  dflt_clz.o(x$fpl$dfltu)
    x$fpl$dmul                               0x0800567c   Section      340  dmul.o(x$fpl$dmul)
    x$fpl$dnaninf                            0x080057d0   Section      156  dnaninf.o(x$fpl$dnaninf)
    x$fpl$dretinf                            0x0800586c   Section       12  dretinf.o(x$fpl$dretinf)
    x$fpl$drsb                               0x08005878   Section       22  daddsub_clz.o(x$fpl$drsb)
    x$fpl$dsqrt                              0x08005890   Section      460  dsqrt_noumaal.o(x$fpl$dsqrt)
    x$fpl$dsub                               0x08005a5c   Section      476  daddsub_clz.o(x$fpl$dsub)
    _dsub1                                   0x08005a6d   Thumb Code     0  daddsub_clz.o(x$fpl$dsub)
    x$fpl$f2d                                0x08005c38   Section       86  f2d.o(x$fpl$f2d)
    x$fpl$fadd                               0x08005c90   Section      196  faddsub_clz.o(x$fpl$fadd)
    _fadd1                                   0x08005c9f   Thumb Code     0  faddsub_clz.o(x$fpl$fadd)
    x$fpl$fcmp                               0x08005d54   Section       84  fcmp.o(x$fpl$fcmp)
    x$fpl$fcmpinf                            0x08005da8   Section       24  fcmpi.o(x$fpl$fcmpinf)
    _fdiv1                                   0x08005dc1   Thumb Code     0  fdiv.o(x$fpl$fdiv)
    x$fpl$fdiv                               0x08005dc0   Section      388  fdiv.o(x$fpl$fdiv)
    x$fpl$feqf                               0x08005f44   Section      104  feqf.o(x$fpl$feqf)
    x$fpl$ffix                               0x08005fac   Section       54  ffix.o(x$fpl$ffix)
    x$fpl$ffixu                              0x08005fe4   Section       62  ffixu.o(x$fpl$ffixu)
    x$fpl$fflt                               0x08006024   Section       48  fflt_clz.o(x$fpl$fflt)
    x$fpl$ffltu                              0x08006054   Section       38  fflt_clz.o(x$fpl$ffltu)
    x$fpl$fgeqf                              0x0800607c   Section      104  fgeqf.o(x$fpl$fgeqf)
    x$fpl$fleqf                              0x080060e4   Section      104  fleqf.o(x$fpl$fleqf)
    x$fpl$fmul                               0x0800614c   Section      258  fmul.o(x$fpl$fmul)
    x$fpl$fnaninf                            0x0800624e   Section      140  fnaninf.o(x$fpl$fnaninf)
    x$fpl$fretinf                            0x080062da   Section       10  fretinf.o(x$fpl$fretinf)
    x$fpl$fsub                               0x080062e4   Section      234  faddsub_clz.o(x$fpl$fsub)
    _fsub1                                   0x080062f3   Thumb Code     0  faddsub_clz.o(x$fpl$fsub)
    x$fpl$retnan                             0x080063ce   Section      100  retnan.o(x$fpl$retnan)
    x$fpl$scalbn                             0x08006432   Section       92  scalbn.o(x$fpl$scalbn)
    x$fpl$trapveneer                         0x0800648e   Section       48  trapv.o(x$fpl$trapveneer)
    x$fpl$usenofp                            0x080064be   Section        0  usenofp.o(x$fpl$usenofp)
    pS                                       0x080064c0   Data          48  asin.o(.constdata)
    .constdata                               0x080064c0   Section       80  asin.o(.constdata)
    qS                                       0x080064f0   Data          32  asin.o(.constdata)
    atanhi                                   0x08006510   Data          32  atan.o(.constdata)
    .constdata                               0x08006510   Section      152  atan.o(.constdata)
    atanlo                                   0x08006530   Data          32  atan.o(.constdata)
    aTodd                                    0x08006550   Data          40  atan.o(.constdata)
    aTeven                                   0x08006578   Data          48  atan.o(.constdata)
    .constdata                               0x080065a8   Section        8  qnan.o(.constdata)
    .L__const.dmp_set_orientation.accel_axes 0x080065b0   Data           3  inv_mpu_dmp_motion_driver.o(.rodata..L__const.dmp_set_orientation.accel_axes)
    .L__const.dmp_set_orientation.gyro_axes  0x080065b3   Data           3  inv_mpu_dmp_motion_driver.o(.rodata..L__const.dmp_set_orientation.gyro_axes)
    dmp_memory                               0x08006ba6   Data        3062  inv_mpu_dmp_motion_driver.o(.rodata.dmp_memory)
    [Anonymous Symbol]                       0x08006ba6   Section        0  inv_mpu_dmp_motion_driver.o(.rodata.dmp_memory)
    .L.str                                   0x080077c3   Data          15  mpu6050.o(.rodata.str1.1)
    [Anonymous Symbol]                       0x080077c3   Section        0  mpu6050.o(.rodata.str1.1)
    st                                       0x20000018   Data          44  inv_mpu.o(.data.st)
    [Anonymous Symbol]                       0x20000018   Section        0  inv_mpu.o(.data.st)
    .bss                                     0x20000048   Section       96  libspace.o(.bss)
    dmp.0                                    0x200000d0   Data           4  inv_mpu_dmp_motion_driver.o(.bss.dmp.0)
    [Anonymous Symbol]                       0x200000d0   Section        0  inv_mpu_dmp_motion_driver.o(.bss.dmp.0)
    dmp.1                                    0x200000d4   Data           4  inv_mpu_dmp_motion_driver.o(.bss.dmp.1)
    [Anonymous Symbol]                       0x200000d4   Section        0  inv_mpu_dmp_motion_driver.o(.bss.dmp.1)
    dmp.2                                    0x200000d8   Data           2  inv_mpu_dmp_motion_driver.o(.bss.dmp.2)
    [Anonymous Symbol]                       0x200000d8   Section        0  inv_mpu_dmp_motion_driver.o(.bss.dmp.2)
    dmp.3                                    0x200000dc   Data           2  inv_mpu_dmp_motion_driver.o(.bss.dmp.3)
    [Anonymous Symbol]                       0x200000dc   Section        0  inv_mpu_dmp_motion_driver.o(.bss.dmp.3)
    dmp.4                                    0x200000e0   Data           2  inv_mpu_dmp_motion_driver.o(.bss.dmp.4)
    [Anonymous Symbol]                       0x200000e0   Section        0  inv_mpu_dmp_motion_driver.o(.bss.dmp.4)
    dmp.5                                    0x200000e2   Data           1  inv_mpu_dmp_motion_driver.o(.bss.dmp.5)
    [Anonymous Symbol]                       0x200000e2   Section        0  inv_mpu_dmp_motion_driver.o(.bss.dmp.5)
    fac_ms                                   0x200000e4   Data           2  delay.o(.bss.fac_ms)
    [Anonymous Symbol]                       0x200000e4   Section        0  delay.o(.bss.fac_ms)
    fac_us                                   0x200000e6   Data           1  delay.o(.bss.fac_us)
    [Anonymous Symbol]                       0x200000e6   Section        0  delay.o(.bss.fac_us)
    left_PWM_change                          0x200000ee   Data           2  pid.o(.bss.left_PWM_change)
    [Anonymous Symbol]                       0x200000ee   Section        0  pid.o(.bss.left_PWM_change)
    left_curr_err                            0x200000f0   Data           2  pid.o(.bss.left_curr_err)
    [Anonymous Symbol]                       0x200000f0   Section        0  pid.o(.bss.left_curr_err)
    left_err_accum                           0x200000f2   Data           2  pid.o(.bss.left_err_accum)
    [Anonymous Symbol]                       0x200000f2   Section        0  pid.o(.bss.left_err_accum)
    left_prev_err                            0x200000f4   Data           2  pid.o(.bss.left_prev_err)
    [Anonymous Symbol]                       0x200000f4   Section        0  pid.o(.bss.left_prev_err)
    Heap_Mem                                 0x20000110   Data         512  startup_stm32f10x_md.o(HEAP)
    HEAP                                     0x20000110   Section      512  startup_stm32f10x_md.o(HEAP)
    Stack_Mem                                0x20000310   Data        1024  startup_stm32f10x_md.o(STACK)
    STACK                                    0x20000310   Section     1024  startup_stm32f10x_md.o(STACK)
    __initial_sp                             0x20000710   Data           0  startup_stm32f10x_md.o(STACK)

    Global Symbols

    Symbol Name                              Value     Ov Type        Size  Object(Section)

    BuildAttributes$$THM_ISAv4$P$D$K$B$S$PE$A:L22UL41UL21$X:L11$S22US41US21$IEEE1$IW$~IW$USESV6$~STKCKD$USESV7$~SHL$OTIME$ROPI$IEEEX$EBA8$UX$STANDARDLIB$REQ8$PRES8$EABIv2 0x00000000   Number         0  anon$$obj.o ABSOLUTE
    __fp_init_empty                          0x00000000   Number         0  fpinit_empty.o ABSOLUTE
    __ARM_exceptions_init                     - Undefined Weak Reference
    __alloca_initialize                       - Undefined Weak Reference
    __arm_preinit_                            - Undefined Weak Reference
    __arm_relocate_pie_                       - Undefined Weak Reference
    __cpp_initialize__aeabi_                  - Undefined Weak Reference
    __cxa_finalize                            - Undefined Weak Reference
    __rt_locale                               - Undefined Weak Reference
    __sigvec_lookup                           - Undefined Weak Reference
    _atexit_init                              - Undefined Weak Reference
    _call_atexit_fns                          - Undefined Weak Reference
    _clock_init                               - Undefined Weak Reference
    _fp_trap_init                             - Undefined Weak Reference
    _fp_trap_shutdown                         - Undefined Weak Reference
    _get_lc_collate                           - Undefined Weak Reference
    _get_lc_ctype                             - Undefined Weak Reference
    _get_lc_monetary                          - Undefined Weak Reference
    _get_lc_numeric                           - Undefined Weak Reference
    _get_lc_time                              - Undefined Weak Reference
    _getenv_init                              - Undefined Weak Reference
    _handle_redirection                       - Undefined Weak Reference
    _init_alloc                               - Undefined Weak Reference
    _init_user_alloc                          - Undefined Weak Reference
    _initio                                   - Undefined Weak Reference
    _rand_init                                - Undefined Weak Reference
    _signal_finish                            - Undefined Weak Reference
    _signal_init                              - Undefined Weak Reference
    _terminate_alloc                          - Undefined Weak Reference
    _terminate_user_alloc                     - Undefined Weak Reference
    _terminateio                              - Undefined Weak Reference
    __Vectors_Size                           0x000000ec   Number         0  startup_stm32f10x_md.o ABSOLUTE
    __Vectors                                0x08000000   Data           4  startup_stm32f10x_md.o(RESET)
    __Vectors_End                            0x080000ec   Data           0  startup_stm32f10x_md.o(RESET)
    __main                                   0x080000ed   Thumb Code     8  __main.o(!!!main)
    __scatterload                            0x080000f5   Thumb Code     0  __scatter.o(!!!scatter)
    __scatterload_rt2                        0x080000f5   Thumb Code    44  __scatter.o(!!!scatter)
    __scatterload_rt2_thumb_only             0x080000f5   Thumb Code     0  __scatter.o(!!!scatter)
    __scatterload_null                       0x08000103   Thumb Code     0  __scatter.o(!!!scatter)
    __scatterload_copy                       0x08000129   Thumb Code    26  __scatter_copy.o(!!handler_copy)
    __scatterload_zeroinit                   0x08000145   Thumb Code    28  __scatter_zi.o(!!handler_zi)
    __rt_lib_init                            0x08000161   Thumb Code     0  libinit.o(.ARM.Collect$$libinit$$00000000)
    __rt_lib_init_alloca_1                   0x08000163   Thumb Code     0  libinit2.o(.ARM.Collect$$libinit$$00000030)
    __rt_lib_init_argv_1                     0x08000163   Thumb Code     0  libinit2.o(.ARM.Collect$$libinit$$0000002E)
    __rt_lib_init_atexit_1                   0x08000163   Thumb Code     0  libinit2.o(.ARM.Collect$$libinit$$0000001D)
    __rt_lib_init_clock_1                    0x08000163   Thumb Code     0  libinit2.o(.ARM.Collect$$libinit$$00000023)
    __rt_lib_init_cpp_1                      0x08000163   Thumb Code     0  libinit2.o(.ARM.Collect$$libinit$$00000034)
    __rt_lib_init_exceptions_1               0x08000163   Thumb Code     0  libinit2.o(.ARM.Collect$$libinit$$00000032)
    __rt_lib_init_fp_1                       0x08000163   Thumb Code     0  libinit2.o(.ARM.Collect$$libinit$$00000002)
    __rt_lib_init_fp_trap_1                  0x08000163   Thumb Code     0  libinit2.o(.ARM.Collect$$libinit$$00000021)
    __rt_lib_init_getenv_1                   0x08000163   Thumb Code     0  libinit2.o(.ARM.Collect$$libinit$$00000025)
    __rt_lib_init_heap_1                     0x08000163   Thumb Code     0  libinit2.o(.ARM.Collect$$libinit$$0000000C)
    __rt_lib_init_lc_collate_1               0x08000163   Thumb Code     0  libinit2.o(.ARM.Collect$$libinit$$00000013)
    __rt_lib_init_lc_ctype_1                 0x08000163   Thumb Code     0  libinit2.o(.ARM.Collect$$libinit$$00000015)
    __rt_lib_init_lc_monetary_1              0x08000163   Thumb Code     0  libinit2.o(.ARM.Collect$$libinit$$00000017)
    __rt_lib_init_lc_numeric_1               0x08000163   Thumb Code     0  libinit2.o(.ARM.Collect$$libinit$$00000019)
    __rt_lib_init_lc_time_1                  0x08000163   Thumb Code     0  libinit2.o(.ARM.Collect$$libinit$$0000001B)
    __rt_lib_init_preinit_1                  0x08000163   Thumb Code     0  libinit2.o(.ARM.Collect$$libinit$$00000006)
    __rt_lib_init_rand_1                     0x08000163   Thumb Code     0  libinit2.o(.ARM.Collect$$libinit$$00000010)
    __rt_lib_init_relocate_pie_1             0x08000163   Thumb Code     0  libinit2.o(.ARM.Collect$$libinit$$00000004)
    __rt_lib_init_return                     0x08000163   Thumb Code     0  libinit2.o(.ARM.Collect$$libinit$$00000035)
    __rt_lib_init_signal_1                   0x08000163   Thumb Code     0  libinit2.o(.ARM.Collect$$libinit$$0000001F)
    __rt_lib_init_stdio_1                    0x08000163   Thumb Code     0  libinit2.o(.ARM.Collect$$libinit$$00000027)
    __rt_lib_init_user_alloc_1               0x08000163   Thumb Code     0  libinit2.o(.ARM.Collect$$libinit$$0000000E)
    __rt_lib_shutdown                        0x08000165   Thumb Code     0  libshutdown.o(.ARM.Collect$$libshutdown$$00000000)
    __rt_lib_shutdown_cpp_1                  0x08000167   Thumb Code     0  libshutdown2.o(.ARM.Collect$$libshutdown$$00000002)
    __rt_lib_shutdown_fp_trap_1              0x08000167   Thumb Code     0  libshutdown2.o(.ARM.Collect$$libshutdown$$00000007)
    __rt_lib_shutdown_heap_1                 0x08000167   Thumb Code     0  libshutdown2.o(.ARM.Collect$$libshutdown$$0000000F)
    __rt_lib_shutdown_return                 0x08000167   Thumb Code     0  libshutdown2.o(.ARM.Collect$$libshutdown$$00000010)
    __rt_lib_shutdown_signal_1               0x08000167   Thumb Code     0  libshutdown2.o(.ARM.Collect$$libshutdown$$0000000A)
    __rt_lib_shutdown_stdio_1                0x08000167   Thumb Code     0  libshutdown2.o(.ARM.Collect$$libshutdown$$00000004)
    __rt_lib_shutdown_user_alloc_1           0x08000167   Thumb Code     0  libshutdown2.o(.ARM.Collect$$libshutdown$$0000000C)
    __rt_entry                               0x08000169   Thumb Code     0  __rtentry.o(.ARM.Collect$$rtentry$$00000000)
    __rt_entry_presh_1                       0x08000169   Thumb Code     0  __rtentry2.o(.ARM.Collect$$rtentry$$00000002)
    __rt_entry_sh                            0x08000169   Thumb Code     0  __rtentry4.o(.ARM.Collect$$rtentry$$00000004)
    __rt_entry_li                            0x0800016f   Thumb Code     0  __rtentry2.o(.ARM.Collect$$rtentry$$0000000A)
    __rt_entry_postsh_1                      0x0800016f   Thumb Code     0  __rtentry2.o(.ARM.Collect$$rtentry$$00000009)
    __rt_entry_main                          0x08000173   Thumb Code     0  __rtentry2.o(.ARM.Collect$$rtentry$$0000000D)
    __rt_entry_postli_1                      0x08000173   Thumb Code     0  __rtentry2.o(.ARM.Collect$$rtentry$$0000000C)
    __rt_exit                                0x0800017b   Thumb Code     0  rtexit.o(.ARM.Collect$$rtexit$$00000000)
    __rt_exit_ls                             0x0800017d   Thumb Code     0  rtexit2.o(.ARM.Collect$$rtexit$$00000003)
    __rt_exit_prels_1                        0x0800017d   Thumb Code     0  rtexit2.o(.ARM.Collect$$rtexit$$00000002)
    __rt_exit_exit                           0x08000181   Thumb Code     0  rtexit2.o(.ARM.Collect$$rtexit$$00000004)
    Reset_Handler                            0x08000189   Thumb Code     8  startup_stm32f10x_md.o(.text)
    ADC1_2_IRQHandler                        0x080001a3   Thumb Code     0  startup_stm32f10x_md.o(.text)
    CAN1_RX1_IRQHandler                      0x080001a3   Thumb Code     0  startup_stm32f10x_md.o(.text)
    CAN1_SCE_IRQHandler                      0x080001a3   Thumb Code     0  startup_stm32f10x_md.o(.text)
    DMA1_Channel1_IRQHandler                 0x080001a3   Thumb Code     0  startup_stm32f10x_md.o(.text)
    DMA1_Channel2_IRQHandler                 0x080001a3   Thumb Code     0  startup_stm32f10x_md.o(.text)
    DMA1_Channel3_IRQHandler                 0x080001a3   Thumb Code     0  startup_stm32f10x_md.o(.text)
    DMA1_Channel4_IRQHandler                 0x080001a3   Thumb Code     0  startup_stm32f10x_md.o(.text)
    DMA1_Channel5_IRQHandler                 0x080001a3   Thumb Code     0  startup_stm32f10x_md.o(.text)
    DMA1_Channel6_IRQHandler                 0x080001a3   Thumb Code     0  startup_stm32f10x_md.o(.text)
    DMA1_Channel7_IRQHandler                 0x080001a3   Thumb Code     0  startup_stm32f10x_md.o(.text)
    EXTI0_IRQHandler                         0x080001a3   Thumb Code     0  startup_stm32f10x_md.o(.text)
    EXTI1_IRQHandler                         0x080001a3   Thumb Code     0  startup_stm32f10x_md.o(.text)
    EXTI2_IRQHandler                         0x080001a3   Thumb Code     0  startup_stm32f10x_md.o(.text)
    EXTI3_IRQHandler                         0x080001a3   Thumb Code     0  startup_stm32f10x_md.o(.text)
    EXTI4_IRQHandler                         0x080001a3   Thumb Code     0  startup_stm32f10x_md.o(.text)
    EXTI9_5_IRQHandler                       0x080001a3   Thumb Code     0  startup_stm32f10x_md.o(.text)
    FLASH_IRQHandler                         0x080001a3   Thumb Code     0  startup_stm32f10x_md.o(.text)
    I2C1_ER_IRQHandler                       0x080001a3   Thumb Code     0  startup_stm32f10x_md.o(.text)
    I2C1_EV_IRQHandler                       0x080001a3   Thumb Code     0  startup_stm32f10x_md.o(.text)
    I2C2_ER_IRQHandler                       0x080001a3   Thumb Code     0  startup_stm32f10x_md.o(.text)
    I2C2_EV_IRQHandler                       0x080001a3   Thumb Code     0  startup_stm32f10x_md.o(.text)
    PVD_IRQHandler                           0x080001a3   Thumb Code     0  startup_stm32f10x_md.o(.text)
    RCC_IRQHandler                           0x080001a3   Thumb Code     0  startup_stm32f10x_md.o(.text)
    RTCAlarm_IRQHandler                      0x080001a3   Thumb Code     0  startup_stm32f10x_md.o(.text)
    RTC_IRQHandler                           0x080001a3   Thumb Code     0  startup_stm32f10x_md.o(.text)
    SPI1_IRQHandler                          0x080001a3   Thumb Code     0  startup_stm32f10x_md.o(.text)
    SPI2_IRQHandler                          0x080001a3   Thumb Code     0  startup_stm32f10x_md.o(.text)
    TAMPER_IRQHandler                        0x080001a3   Thumb Code     0  startup_stm32f10x_md.o(.text)
    TIM1_BRK_IRQHandler                      0x080001a3   Thumb Code     0  startup_stm32f10x_md.o(.text)
    TIM1_CC_IRQHandler                       0x080001a3   Thumb Code     0  startup_stm32f10x_md.o(.text)
    TIM1_TRG_COM_IRQHandler                  0x080001a3   Thumb Code     0  startup_stm32f10x_md.o(.text)
    TIM1_UP_IRQHandler                       0x080001a3   Thumb Code     0  startup_stm32f10x_md.o(.text)
    USART1_IRQHandler                        0x080001a3   Thumb Code     0  startup_stm32f10x_md.o(.text)
    USART2_IRQHandler                        0x080001a3   Thumb Code     0  startup_stm32f10x_md.o(.text)
    USART3_IRQHandler                        0x080001a3   Thumb Code     0  startup_stm32f10x_md.o(.text)
    USBWakeUp_IRQHandler                     0x080001a3   Thumb Code     0  startup_stm32f10x_md.o(.text)
    USB_HP_CAN1_TX_IRQHandler                0x080001a3   Thumb Code     0  startup_stm32f10x_md.o(.text)
    USB_LP_CAN1_RX0_IRQHandler               0x080001a3   Thumb Code     0  startup_stm32f10x_md.o(.text)
    WWDG_IRQHandler                          0x080001a3   Thumb Code     0  startup_stm32f10x_md.o(.text)
    __user_initial_stackheap                 0x080001a5   Thumb Code     0  startup_stm32f10x_md.o(.text)
    __aeabi_ldivmod                          0x080001c9   Thumb Code     0  llsdiv.o(.text)
    _ll_sdiv                                 0x080001c9   Thumb Code   116  llsdiv.o(.text)
    memcmp                                   0x0800023d   Thumb Code    88  memcmp.o(.text)
    __use_two_region_memory                  0x08000295   Thumb Code     2  heapauxi.o(.text)
    __rt_heap_escrow$2region                 0x08000297   Thumb Code     2  heapauxi.o(.text)
    __rt_heap_expand$2region                 0x08000299   Thumb Code     2  heapauxi.o(.text)
    __aeabi_uldivmod                         0x0800029b   Thumb Code     0  lludivv7m.o(.text)
    _ll_udiv                                 0x0800029b   Thumb Code   240  lludivv7m.o(.text)
    __read_errno                             0x0800038b   Thumb Code    10  _rserrno.o(.text)
    __set_errno                              0x08000395   Thumb Code    12  _rserrno.o(.text)
    __aeabi_errno_addr                       0x080003a1   Thumb Code     8  rt_errno_addr_intlibspace.o(.text)
    __errno$intlibspace                      0x080003a1   Thumb Code     0  rt_errno_addr_intlibspace.o(.text)
    __rt_errno_addr$intlibspace              0x080003a1   Thumb Code     0  rt_errno_addr_intlibspace.o(.text)
    __user_libspace                          0x080003a9   Thumb Code     8  libspace.o(.text)
    __user_perproc_libspace                  0x080003a9   Thumb Code     0  libspace.o(.text)
    __user_perthread_libspace                0x080003a9   Thumb Code     0  libspace.o(.text)
    __user_setup_stackheap                   0x080003b1   Thumb Code    74  sys_stackheap_outer.o(.text)
    exit                                     0x080003fb   Thumb Code    18  exit.o(.text)
    _sys_exit                                0x0800040d   Thumb Code     8  sys_exit.o(.text)
    __I$use$semihosting                      0x08000419   Thumb Code     0  use_no_semi.o(.text)
    __use_no_semihosting_swi                 0x08000419   Thumb Code     2  use_no_semi.o(.text)
    __semihosting_library_function           0x0800041b   Thumb Code     0  indicate_semi.o(.text)
    BusFault_Handler                         0x0800041d   Thumb Code     2  stm32f10x_it.o(.text.BusFault_Handler)
    DMP_Init                                 0x08000421   Thumb Code   360  mpu6050.o(.text.DMP_Init)
    DebugMon_Handler                         0x08000589   Thumb Code     2  stm32f10x_it.o(.text.DebugMon_Handler)
    EXTI15_10_IRQHandler                     0x0800058d   Thumb Code    76  key.o(.text.EXTI15_10_IRQHandler)
    EXTI_ClearITPendingBit                   0x080005d9   Thumb Code    12  stm32f10x_exti.o(.text.EXTI_ClearITPendingBit)
    EXTI_GetITStatus                         0x080005e5   Thumb Code    30  stm32f10x_exti.o(.text.EXTI_GetITStatus)
    EXTI_Init                                0x08000605   Thumb Code   104  stm32f10x_exti.o(.text.EXTI_Init)
    Entry_StopMode                           0x0800066d   Thumb Code    92  lpm.o(.text.Entry_StopMode)
    Forward                                  0x080006e1   Thumb Code   104  motor.o(.text.Forward)
    GPIO_EXTILineConfig                      0x08000749   Thumb Code    46  stm32f10x_gpio.o(.text.GPIO_EXTILineConfig)
    GPIO_Init                                0x08000779   Thumb Code   192  stm32f10x_gpio.o(.text.GPIO_Init)
    GPIO_ReadInputDataBit                    0x08000839   Thumb Code    10  stm32f10x_gpio.o(.text.GPIO_ReadInputDataBit)
    GPIO_ReadOutputDataBit                   0x08000845   Thumb Code    10  stm32f10x_gpio.o(.text.GPIO_ReadOutputDataBit)
    GPIO_ResetBits                           0x08000851   Thumb Code     4  stm32f10x_gpio.o(.text.GPIO_ResetBits)
    GPIO_SetBits                             0x08000855   Thumb Code     4  stm32f10x_gpio.o(.text.GPIO_SetBits)
    GPIO_WriteBit                            0x08000859   Thumb Code    12  stm32f10x_gpio.o(.text.GPIO_WriteBit)
    Get_YawOffset                            0x08000865   Thumb Code    46  timer.o(.text.Get_YawOffset)
    HCSR04_GetValue                          0x08000895   Thumb Code   108  sr04.o(.text.HCSR04_GetValue)
    HCSR04_Init                              0x08000901   Thumb Code    98  sr04.o(.text.HCSR04_Init)
    HardFault_Handler                        0x08000965   Thumb Code     2  stm32f10x_it.o(.text.HardFault_Handler)
    I2C_ReadOneByte                          0x08000969   Thumb Code   464  myi2c.o(.text.I2C_ReadOneByte)
    IIC_Init                                 0x08000b39   Thumb Code    48  myi2c.o(.text.IIC_Init)
    IIC_Read_Byte                            0x08000b69   Thumb Code   156  myi2c.o(.text.IIC_Read_Byte)
    IIC_Wait_Ack                             0x08000c05   Thumb Code   132  myi2c.o(.text.IIC_Wait_Ack)
    IICwriteBit                              0x08000c89   Thumb Code    56  myi2c.o(.text.IICwriteBit)
    IICwriteBits                             0x08000cc1   Thumb Code    86  myi2c.o(.text.IICwriteBits)
    IICwriteBytes                            0x08000d19   Thumb Code   416  myi2c.o(.text.IICwriteBytes)
    Key_Init                                 0x08000eb9   Thumb Code   104  key.o(.text.Key_Init)
    LED1_ON                                  0x08000f21   Thumb Code    14  led.o(.text.LED1_ON)
    LED1_Turn                                0x08000f31   Thumb Code    44  led.o(.text.LED1_Turn)
    LED_Init                                 0x08000f5d   Thumb Code    48  led.o(.text.LED_Init)
    LPM_Init                                 0x08000f8d   Thumb Code    10  lpm.o(.text.LPM_Init)
    L_PID_Control                            0x08000f99   Thumb Code   242  pid.o(.text.L_PID_Control)
    MPU6050_initialize                       0x0800108d   Thumb Code    94  mpu6050.o(.text.MPU6050_initialize)
    MemManage_Handler                        0x080010ed   Thumb Code     2  stm32f10x_it.o(.text.MemManage_Handler)
    MotorA_SetSpeed                          0x080010f1   Thumb Code    50  motor.o(.text.MotorA_SetSpeed)
    Motor_Init                               0x08001125   Thumb Code    72  motor.o(.text.Motor_Init)
    Motor_Stop                               0x0800116d   Thumb Code    74  motor.o(.text.Motor_Stop)
    Movement_Algo                            0x080011b9   Thumb Code   276  algorithm.o(.text.Movement_Algo)
    NMI_Handler                              0x080012cd   Thumb Code     2  stm32f10x_it.o(.text.NMI_Handler)
    NVIC_Init                                0x080012d1   Thumb Code    94  misc.o(.text.NVIC_Init)
    NVIC_PriorityGroupConfig                 0x08001331   Thumb Code    20  misc.o(.text.NVIC_PriorityGroupConfig)
    OLED_Clear                               0x08001345   Thumb Code    56  oled.o(.text.OLED_Clear)
    OLED_Init                                0x0800137d   Thumb Code   272  oled.o(.text.OLED_Init)
    OLED_ShowChar                            0x0800148d   Thumb Code   142  oled.o(.text.OLED_ShowChar)
    OLED_ShowNum                             0x0800151d   Thumb Code   116  oled.o(.text.OLED_ShowNum)
    OLED_ShowSignedNum                       0x08001591   Thumb Code   136  oled.o(.text.OLED_ShowSignedNum)
    OLED_ShowString                          0x08001619   Thumb Code    42  oled.o(.text.OLED_ShowString)
    OLED_WriteCommand                        0x08001645   Thumb Code   326  oled.o(.text.OLED_WriteCommand)
    OLED_WriteData                           0x0800178d   Thumb Code   334  oled.o(.text.OLED_WriteData)
    PWM_SetCompare1                          0x080018dd   Thumb Code    14  timer.o(.text.PWM_SetCompare1)
    PWM_SetCompare3                          0x080018ed   Thumb Code    14  timer.o(.text.PWM_SetCompare3)
    PWM_SetCompare4                          0x080018fd   Thumb Code    14  timer.o(.text.PWM_SetCompare4)
    PWR_EnterSTOPMode                        0x0800190d   Thumb Code    58  stm32f10x_pwr.o(.text.PWR_EnterSTOPMode)
    PendSV_Handler                           0x08001949   Thumb Code     2  stm32f10x_it.o(.text.PendSV_Handler)
    RCC_APB1PeriphClockCmd                   0x0800194d   Thumb Code    24  stm32f10x_rcc.o(.text.RCC_APB1PeriphClockCmd)
    RCC_APB2PeriphClockCmd                   0x08001965   Thumb Code    24  stm32f10x_rcc.o(.text.RCC_APB2PeriphClockCmd)
    Read_DMP                                 0x0800197d   Thumb Code   578  mpu6050.o(.text.Read_DMP)
    SVC_Handler                              0x08001bc1   Thumb Code     2  stm32f10x_it.o(.text.SVC_Handler)
    Start_StopMode                           0x08001bc5   Thumb Code    18  lpm.o(.text.Start_StopMode)
    SysTick_CLKSourceConfig                  0x08001bd9   Thumb Code    24  misc.o(.text.SysTick_CLKSourceConfig)
    SysTick_Handler                          0x08001bf1   Thumb Code     2  stm32f10x_it.o(.text.SysTick_Handler)
    SystemInit                               0x08001bf5   Thumb Code   272  system_stm32f10x.o(.text.SystemInit)
    TIM1_Init                                0x08001d05   Thumb Code   260  timer.o(.text.TIM1_Init)
    TIM2_IRQHandler                          0x08001e09   Thumb Code   108  timer.o(.text.TIM2_IRQHandler)
    TIM2_Init                                0x08001e75   Thumb Code   114  timer.o(.text.TIM2_Init)
    TIM3_IRQHandler                          0x08001ee9   Thumb Code   232  timer.o(.text.TIM3_IRQHandler)
    TIM3_Init                                0x08001fe1   Thumb Code   114  timer.o(.text.TIM3_Init)
    TIM4_Delay_ms                            0x08002055   Thumb Code   100  timer.o(.text.TIM4_Delay_ms)
    TIM4_IRQHandler                          0x080020b9   Thumb Code    46  timer.o(.text.TIM4_IRQHandler)
    TIM4_Init                                0x080020e9   Thumb Code    56  timer.o(.text.TIM4_Init)
    TIM_ClearFlag                            0x08002121   Thumb Code     6  stm32f10x_tim.o(.text.TIM_ClearFlag)
    TIM_ClearITPendingBit                    0x08002129   Thumb Code     6  stm32f10x_tim.o(.text.TIM_ClearITPendingBit)
    TIM_Cmd                                  0x08002131   Thumb Code    18  stm32f10x_tim.o(.text.TIM_Cmd)
    TIM_CtrlPWMOutputs                       0x08002145   Thumb Code    24  stm32f10x_tim.o(.text.TIM_CtrlPWMOutputs)
    TIM_GetITStatus                          0x0800215d   Thumb Code    24  stm32f10x_tim.o(.text.TIM_GetITStatus)
    TIM_ITConfig                             0x08002175   Thumb Code    16  stm32f10x_tim.o(.text.TIM_ITConfig)
    TIM_InternalClockConfig                  0x08002185   Thumb Code    10  stm32f10x_tim.o(.text.TIM_InternalClockConfig)
    TIM_OC1Init                              0x08002191   Thumb Code   112  stm32f10x_tim.o(.text.TIM_OC1Init)
    TIM_OC2Init                              0x08002201   Thumb Code   116  stm32f10x_tim.o(.text.TIM_OC2Init)
    TIM_OC3Init                              0x08002275   Thumb Code   116  stm32f10x_tim.o(.text.TIM_OC3Init)
    TIM_OC4Init                              0x080022e9   Thumb Code    92  stm32f10x_tim.o(.text.TIM_OC4Init)
    TIM_OCStructInit                         0x08002345   Thumb Code    12  stm32f10x_tim.o(.text.TIM_OCStructInit)
    TIM_SetCompare1                          0x08002351   Thumb Code     4  stm32f10x_tim.o(.text.TIM_SetCompare1)
    TIM_SetCompare3                          0x08002355   Thumb Code     4  stm32f10x_tim.o(.text.TIM_SetCompare3)
    TIM_SetCompare4                          0x08002359   Thumb Code     6  stm32f10x_tim.o(.text.TIM_SetCompare4)
    TIM_TimeBaseInit                         0x08002361   Thumb Code   170  stm32f10x_tim.o(.text.TIM_TimeBaseInit)
    TurnLeft                                 0x0800240d   Thumb Code   158  motor.o(.text.TurnLeft)
    TurnRight                                0x080024ad   Thumb Code   158  motor.o(.text.TurnRight)
    UsageFault_Handler                       0x0800254d   Thumb Code     2  stm32f10x_it.o(.text.UsageFault_Handler)
    delay_init                               0x08002551   Thumb Code    66  delay.o(.text.delay_init)
    delay_ms                                 0x08002595   Thumb Code    60  delay.o(.text.delay_ms)
    delay_us                                 0x080025d1   Thumb Code    60  delay.o(.text.delay_us)
    dmp_enable_feature                       0x0800260d   Thumb Code   688  inv_mpu_dmp_motion_driver.o(.text.dmp_enable_feature)
    dmp_load_motion_driver_firmware          0x080028bd   Thumb Code    22  inv_mpu_dmp_motion_driver.o(.text.dmp_load_motion_driver_firmware)
    dmp_read_fifo                            0x080028d5   Thumb Code   482  inv_mpu_dmp_motion_driver.o(.text.dmp_read_fifo)
    dmp_set_accel_bias                       0x08002ab9   Thumb Code   192  inv_mpu_dmp_motion_driver.o(.text.dmp_set_accel_bias)
    dmp_set_fifo_rate                        0x08002b79   Thumb Code   110  inv_mpu_dmp_motion_driver.o(.text.dmp_set_fifo_rate)
    dmp_set_gyro_bias                        0x08002be9   Thumb Code   222  inv_mpu_dmp_motion_driver.o(.text.dmp_set_gyro_bias)
    dmp_set_orientation                      0x08002cc9   Thumb Code   272  inv_mpu_dmp_motion_driver.o(.text.dmp_set_orientation)
    dmp_set_tap_thresh                       0x08002dd9   Thumb Code   292  inv_mpu_dmp_motion_driver.o(.text.dmp_set_tap_thresh)
    fan_Start                                0x08002efd   Thumb Code     8  motor.o(.text.fan_Start)
    fan_Stop                                 0x08002f05   Thumb Code     6  motor.o(.text.fan_Stop)
    get_KeyFlag                              0x08002f0d   Thumb Code    58  key.o(.text.get_KeyFlag)
    i2cRead                                  0x080032a1   Thumb Code   542  myi2c.o(.text.i2cRead)
    i2cWrite                                 0x080034c1   Thumb Code   460  myi2c.o(.text.i2cWrite)
    interrupt_Disable                        0x0800368d   Thumb Code    58  key.o(.text.interrupt_Disable)
    interrupt_Enable                         0x080036c9   Thumb Code    56  key.o(.text.interrupt_Enable)
    main                                     0x08003701   Thumb Code   228  main.o(.text.main)
    mpu_configure_fifo                       0x080037fd   Thumb Code   152  inv_mpu.o(.text.mpu_configure_fifo)
    mpu_get_accel_fsr                        0x08003895   Thumb Code    56  inv_mpu.o(.text.mpu_get_accel_fsr)
    mpu_get_accel_sens                       0x080038cd   Thumb Code    52  inv_mpu.o(.text.mpu_get_accel_sens)
    mpu_get_gyro_sens                        0x08003909   Thumb Code    66  inv_mpu.o(.text.mpu_get_gyro_sens)
    mpu_init                                 0x0800394d   Thumb Code   374  inv_mpu.o(.text.mpu_init)
    mpu_load_firmware                        0x08003ac5   Thumb Code   368  inv_mpu.o(.text.mpu_load_firmware)
    mpu_lp_accel_mode                        0x08003c35   Thumb Code   480  inv_mpu.o(.text.mpu_lp_accel_mode)
    mpu_read_fifo_stream                     0x08003e15   Thumb Code   170  inv_mpu.o(.text.mpu_read_fifo_stream)
    mpu_reset_fifo                           0x08003ec1   Thumb Code   372  inv_mpu.o(.text.mpu_reset_fifo)
    mpu_run_self_test                        0x08004035   Thumb Code  1208  inv_mpu.o(.text.mpu_run_self_test)
    mpu_set_accel_fsr                        0x080044ed   Thumb Code   120  inv_mpu.o(.text.mpu_set_accel_fsr)
    mpu_set_bypass                           0x08004565   Thumb Code   234  inv_mpu.o(.text.mpu_set_bypass)
    mpu_set_dmp_state                        0x08004651   Thumb Code   222  inv_mpu.o(.text.mpu_set_dmp_state)
    mpu_set_lpf                              0x08004731   Thumb Code   110  inv_mpu.o(.text.mpu_set_lpf)
    mpu_set_sample_rate                      0x080047a1   Thumb Code   220  inv_mpu.o(.text.mpu_set_sample_rate)
    mpu_set_sensors                          0x0800487d   Thumb Code   246  inv_mpu.o(.text.mpu_set_sensors)
    mpu_write_mem                            0x08004975   Thumb Code   100  inv_mpu.o(.text.mpu_write_mem)
    myget_ms                                 0x080049d9   Thumb Code     2  inv_mpu.o(.text.myget_ms)
    __ARM_fpclassify                         0x080049db   Thumb Code    40  fpclassify.o(i.__ARM_fpclassify)
    __kernel_poly                            0x08004a03   Thumb Code   170  poly.o(i.__kernel_poly)
    __mathlib_dbl_infnan                     0x08004aad   Thumb Code     6  dunder.o(i.__mathlib_dbl_infnan)
    __mathlib_dbl_infnan2                    0x08004ab3   Thumb Code     4  dunder.o(i.__mathlib_dbl_infnan2)
    __mathlib_dbl_invalid                    0x08004ab7   Thumb Code    12  dunder.o(i.__mathlib_dbl_invalid)
    __mathlib_dbl_underflow                  0x08004ac5   Thumb Code    10  dunder.o(i.__mathlib_dbl_underflow)
    asin                                     0x08004ad5   Thumb Code   572  asin.o(i.asin)
    atan                                     0x08004d45   Thumb Code   474  atan.o(i.atan)
    atan2                                    0x08004f65   Thumb Code   374  atan2.o(i.atan2)
    sqrt                                     0x08005101   Thumb Code    76  sqrt.o(i.sqrt)
    __aeabi_d2f                              0x0800514d   Thumb Code     0  d2f.o(x$fpl$d2f)
    _d2f                                     0x0800514d   Thumb Code    98  d2f.o(x$fpl$d2f)
    __aeabi_dadd                             0x080051b1   Thumb Code     0  daddsub_clz.o(x$fpl$dadd)
    _dadd                                    0x080051b1   Thumb Code   332  daddsub_clz.o(x$fpl$dadd)
    __fpl_dcheck_NaN1                        0x08005301   Thumb Code    10  dcheck1.o(x$fpl$dcheck1)
    __fpl_dcmp_Inf                           0x08005311   Thumb Code    24  dcmpi.o(x$fpl$dcmpinf)
    __aeabi_ddiv                             0x08005329   Thumb Code     0  ddiv.o(x$fpl$ddiv)
    _ddiv                                    0x08005329   Thumb Code   556  ddiv.o(x$fpl$ddiv)
    __aeabi_cdcmpeq                          0x080055dd   Thumb Code     0  deqf.o(x$fpl$deqf)
    _dcmpeq                                  0x080055dd   Thumb Code   120  deqf.o(x$fpl$deqf)
    __aeabi_ui2d                             0x08005655   Thumb Code     0  dflt_clz.o(x$fpl$dfltu)
    _dfltu                                   0x08005655   Thumb Code    38  dflt_clz.o(x$fpl$dfltu)
    __aeabi_dmul                             0x0800567d   Thumb Code     0  dmul.o(x$fpl$dmul)
    _dmul                                    0x0800567d   Thumb Code   332  dmul.o(x$fpl$dmul)
    __fpl_dnaninf                            0x080057d1   Thumb Code   156  dnaninf.o(x$fpl$dnaninf)
    __fpl_dretinf                            0x0800586d   Thumb Code    12  dretinf.o(x$fpl$dretinf)
    __aeabi_drsub                            0x08005879   Thumb Code     0  daddsub_clz.o(x$fpl$drsb)
    _drsb                                    0x08005879   Thumb Code    22  daddsub_clz.o(x$fpl$drsb)
    _dsqrt                                   0x08005891   Thumb Code   456  dsqrt_noumaal.o(x$fpl$dsqrt)
    __aeabi_dsub                             0x08005a5d   Thumb Code     0  daddsub_clz.o(x$fpl$dsub)
    _dsub                                    0x08005a5d   Thumb Code   472  daddsub_clz.o(x$fpl$dsub)
    __aeabi_f2d                              0x08005c39   Thumb Code     0  f2d.o(x$fpl$f2d)
    _f2d                                     0x08005c39   Thumb Code    86  f2d.o(x$fpl$f2d)
    __aeabi_fadd                             0x08005c91   Thumb Code     0  faddsub_clz.o(x$fpl$fadd)
    _fadd                                    0x08005c91   Thumb Code   196  faddsub_clz.o(x$fpl$fadd)
    __aeabi_fcmpeq                           0x08005d55   Thumb Code     0  fcmp.o(x$fpl$fcmp)
    _feq                                     0x08005d55   Thumb Code    14  fcmp.o(x$fpl$fcmp)
    _fneq                                    0x08005d63   Thumb Code    14  fcmp.o(x$fpl$fcmp)
    __aeabi_fcmpgt                           0x08005d71   Thumb Code     0  fcmp.o(x$fpl$fcmp)
    _fgr                                     0x08005d71   Thumb Code    14  fcmp.o(x$fpl$fcmp)
    __aeabi_fcmpge                           0x08005d7f   Thumb Code     0  fcmp.o(x$fpl$fcmp)
    _fgeq                                    0x08005d7f   Thumb Code    14  fcmp.o(x$fpl$fcmp)
    __aeabi_fcmple                           0x08005d8d   Thumb Code     0  fcmp.o(x$fpl$fcmp)
    _fleq                                    0x08005d8d   Thumb Code    14  fcmp.o(x$fpl$fcmp)
    __aeabi_fcmplt                           0x08005d9b   Thumb Code     0  fcmp.o(x$fpl$fcmp)
    _fls                                     0x08005d9b   Thumb Code    14  fcmp.o(x$fpl$fcmp)
    __fpl_fcmp_Inf                           0x08005da9   Thumb Code    24  fcmpi.o(x$fpl$fcmpinf)
    __aeabi_fdiv                             0x08005dc1   Thumb Code     0  fdiv.o(x$fpl$fdiv)
    _fdiv                                    0x08005dc1   Thumb Code   384  fdiv.o(x$fpl$fdiv)
    __aeabi_cfcmpeq                          0x08005f45   Thumb Code     0  feqf.o(x$fpl$feqf)
    _fcmpeq                                  0x08005f45   Thumb Code   104  feqf.o(x$fpl$feqf)
    __aeabi_f2iz                             0x08005fad   Thumb Code     0  ffix.o(x$fpl$ffix)
    _ffix                                    0x08005fad   Thumb Code    54  ffix.o(x$fpl$ffix)
    __aeabi_f2uiz                            0x08005fe5   Thumb Code     0  ffixu.o(x$fpl$ffixu)
    _ffixu                                   0x08005fe5   Thumb Code    62  ffixu.o(x$fpl$ffixu)
    __aeabi_i2f                              0x08006025   Thumb Code     0  fflt_clz.o(x$fpl$fflt)
    _fflt                                    0x08006025   Thumb Code    48  fflt_clz.o(x$fpl$fflt)
    __aeabi_ui2f                             0x08006055   Thumb Code     0  fflt_clz.o(x$fpl$ffltu)
    _ffltu                                   0x08006055   Thumb Code    38  fflt_clz.o(x$fpl$ffltu)
    _fcmpge                                  0x0800607d   Thumb Code   104  fgeqf.o(x$fpl$fgeqf)
    __aeabi_cfcmple                          0x080060e5   Thumb Code     0  fleqf.o(x$fpl$fleqf)
    _fcmple                                  0x080060e5   Thumb Code   104  fleqf.o(x$fpl$fleqf)
    __fpl_fcmple_InfNaN                      0x08006137   Thumb Code     0  fleqf.o(x$fpl$fleqf)
    __aeabi_fmul                             0x0800614d   Thumb Code     0  fmul.o(x$fpl$fmul)
    _fmul                                    0x0800614d   Thumb Code   258  fmul.o(x$fpl$fmul)
    __fpl_fnaninf                            0x0800624f   Thumb Code   140  fnaninf.o(x$fpl$fnaninf)
    __fpl_fretinf                            0x080062db   Thumb Code    10  fretinf.o(x$fpl$fretinf)
    __aeabi_fsub                             0x080062e5   Thumb Code     0  faddsub_clz.o(x$fpl$fsub)
    _fsub                                    0x080062e5   Thumb Code   234  faddsub_clz.o(x$fpl$fsub)
    __fpl_return_NaN                         0x080063cf   Thumb Code   100  retnan.o(x$fpl$retnan)
    __ARM_scalbn                             0x08006433   Thumb Code    92  scalbn.o(x$fpl$scalbn)
    __fpl_cmpreturn                          0x0800648f   Thumb Code    48  trapv.o(x$fpl$trapveneer)
    __I$use$fp                               0x080064be   Number         0  usenofp.o(x$fpl$usenofp)
    __mathlib_zero                           0x080065a8   Data           8  qnan.o(.constdata)
    OLED_F8x16                               0x080065b6   Data        1520  oled.o(.rodata.OLED_F8x16)
    hw                                       0x0800779c   Data          12  inv_mpu.o(.rodata.hw)
    reg                                      0x080077a8   Data          27  inv_mpu.o(.rodata.reg)
    test                                     0x080077d4   Data          40  inv_mpu.o(.rodata.test)
    Region$$Table$$Base                      0x080077fc   Number         0  anon$$obj.o(Region$$Table)
    Region$$Table$$Limit                     0x0800781c   Number         0  anon$$obj.o(Region$$Table)
    Kd                                       0x20000000   Data           4  pid.o(.data.Kd)
    Ki                                       0x20000004   Data           4  pid.o(.data.Ki)
    Kp                                       0x20000008   Data           4  pid.o(.data.Kp)
    Once_Setting                             0x2000000c   Data           1  main.o(.data.Once_Setting)
    SystemCoreClock                          0x20000010   Data           4  system_stm32f10x.o(.data.SystemCoreClock)
    q0                                       0x20000014   Data           4  mpu6050.o(.data.q0)
    __libspace_start                         0x20000048   Data          96  libspace.o(.bss)
    Echo_number                              0x200000a8   Data           1  timer.o(.bss.Echo_number)
    __temporary_stack_top$libspace           0x200000a8   Data           0  libspace.o(.bss)
    Pitch                                    0x200000ac   Data           4  main.o(.bss.Pitch)
    Roll                                     0x200000b0   Data           4  main.o(.bss.Roll)
    Time                                     0x200000b4   Data           2  sr04.o(.bss.Time)
    Turn                                     0x200000b6   Data           1  algorithm.o(.bss.Turn)
    Yaw                                      0x200000b8   Data           4  main.o(.bss.Yaw)
    Yaw_offset                               0x200000bc   Data           4  timer.o(.bss.Yaw_offset)
    accel                                    0x200000c0   Data           6  mpu6050.o(.bss.accel)
    count_algoTime                           0x200000c6   Data           1  timer.o(.bss.count_algoTime)
    count_offserTime                         0x200000c7   Data           1  timer.o(.bss.count_offserTime)
    delay_flag                               0x200000c8   Data           1  timer.o(.bss.delay_flag)
    distance                                 0x200000cc   Data           4  algorithm.o(.bss.distance)
    gyro                                     0x200000e8   Data           6  mpu6050.o(.bss.gyro)
    prev_Yaw                                 0x200000f8   Data           4  timer.o(.bss.prev_Yaw)
    q1                                       0x200000fc   Data           4  mpu6050.o(.bss.q1)
    q2                                       0x20000100   Data           4  mpu6050.o(.bss.q2)
    q3                                       0x20000104   Data           4  mpu6050.o(.bss.q3)
    sensors                                  0x20000108   Data           2  mpu6050.o(.bss.sensors)
    work_status                              0x2000010a   Data           1  algorithm.o(.bss.work_status)



==============================================================================

Memory Map of the image

  Image Entry point : 0x080000ed

  Load Region LR_IROM1 (Base: 0x08000000, Size: 0x00007868, Max: 0x00010000, ABSOLUTE)

    Execution Region ER_IROM1 (Exec base: 0x08000000, Load base: 0x08000000, Size: 0x0000781c, Max: 0x00010000, ABSOLUTE)

    Exec Addr    Load Addr    Size         Type   Attr      Idx    E Section Name        Object

    0x08000000   0x08000000   0x000000ec   Data   RO            3    RESET               startup_stm32f10x_md.o
    0x080000ec   0x080000ec   0x00000008   Code   RO         1719  * !!!main             c_w.l(__main.o)
    0x080000f4   0x080000f4   0x00000034   Code   RO         2027    !!!scatter          c_w.l(__scatter.o)
    0x08000128   0x08000128   0x0000001a   Code   RO         2029    !!handler_copy      c_w.l(__scatter_copy.o)
    0x08000142   0x08000142   0x00000002   PAD
    0x08000144   0x08000144   0x0000001c   Code   RO         2031    !!handler_zi        c_w.l(__scatter_zi.o)
    0x08000160   0x08000160   0x00000002   Code   RO         1888    .ARM.Collect$$libinit$$00000000  c_w.l(libinit.o)
    0x08000162   0x08000162   0x00000000   Code   RO         1900    .ARM.Collect$$libinit$$00000002  c_w.l(libinit2.o)
    0x08000162   0x08000162   0x00000000   Code   RO         1902    .ARM.Collect$$libinit$$00000004  c_w.l(libinit2.o)
    0x08000162   0x08000162   0x00000000   Code   RO         1904    .ARM.Collect$$libinit$$00000006  c_w.l(libinit2.o)
    0x08000162   0x08000162   0x00000000   Code   RO         1907    .ARM.Collect$$libinit$$0000000C  c_w.l(libinit2.o)
    0x08000162   0x08000162   0x00000000   Code   RO         1909    .ARM.Collect$$libinit$$0000000E  c_w.l(libinit2.o)
    0x08000162   0x08000162   0x00000000   Code   RO         1911    .ARM.Collect$$libinit$$00000010  c_w.l(libinit2.o)
    0x08000162   0x08000162   0x00000000   Code   RO         1914    .ARM.Collect$$libinit$$00000013  c_w.l(libinit2.o)
    0x08000162   0x08000162   0x00000000   Code   RO         1916    .ARM.Collect$$libinit$$00000015  c_w.l(libinit2.o)
    0x08000162   0x08000162   0x00000000   Code   RO         1918    .ARM.Collect$$libinit$$00000017  c_w.l(libinit2.o)
    0x08000162   0x08000162   0x00000000   Code   RO         1920    .ARM.Collect$$libinit$$00000019  c_w.l(libinit2.o)
    0x08000162   0x08000162   0x00000000   Code   RO         1922    .ARM.Collect$$libinit$$0000001B  c_w.l(libinit2.o)
    0x08000162   0x08000162   0x00000000   Code   RO         1924    .ARM.Collect$$libinit$$0000001D  c_w.l(libinit2.o)
    0x08000162   0x08000162   0x00000000   Code   RO         1926    .ARM.Collect$$libinit$$0000001F  c_w.l(libinit2.o)
    0x08000162   0x08000162   0x00000000   Code   RO         1928    .ARM.Collect$$libinit$$00000021  c_w.l(libinit2.o)
    0x08000162   0x08000162   0x00000000   Code   RO         1930    .ARM.Collect$$libinit$$00000023  c_w.l(libinit2.o)
    0x08000162   0x08000162   0x00000000   Code   RO         1932    .ARM.Collect$$libinit$$00000025  c_w.l(libinit2.o)
    0x08000162   0x08000162   0x00000000   Code   RO         1934    .ARM.Collect$$libinit$$00000027  c_w.l(libinit2.o)
    0x08000162   0x08000162   0x00000000   Code   RO         1938    .ARM.Collect$$libinit$$0000002E  c_w.l(libinit2.o)
    0x08000162   0x08000162   0x00000000   Code   RO         1940    .ARM.Collect$$libinit$$00000030  c_w.l(libinit2.o)
    0x08000162   0x08000162   0x00000000   Code   RO         1942    .ARM.Collect$$libinit$$00000032  c_w.l(libinit2.o)
    0x08000162   0x08000162   0x00000000   Code   RO         1944    .ARM.Collect$$libinit$$00000034  c_w.l(libinit2.o)
    0x08000162   0x08000162   0x00000002   Code   RO         1945    .ARM.Collect$$libinit$$00000035  c_w.l(libinit2.o)
    0x08000164   0x08000164   0x00000002   Code   RO         1982    .ARM.Collect$$libshutdown$$00000000  c_w.l(libshutdown.o)
    0x08000166   0x08000166   0x00000000   Code   RO         2010    .ARM.Collect$$libshutdown$$00000002  c_w.l(libshutdown2.o)
    0x08000166   0x08000166   0x00000000   Code   RO         2012    .ARM.Collect$$libshutdown$$00000004  c_w.l(libshutdown2.o)
    0x08000166   0x08000166   0x00000000   Code   RO         2015    .ARM.Collect$$libshutdown$$00000007  c_w.l(libshutdown2.o)
    0x08000166   0x08000166   0x00000000   Code   RO         2018    .ARM.Collect$$libshutdown$$0000000A  c_w.l(libshutdown2.o)
    0x08000166   0x08000166   0x00000000   Code   RO         2020    .ARM.Collect$$libshutdown$$0000000C  c_w.l(libshutdown2.o)
    0x08000166   0x08000166   0x00000000   Code   RO         2023    .ARM.Collect$$libshutdown$$0000000F  c_w.l(libshutdown2.o)
    0x08000166   0x08000166   0x00000002   Code   RO         2024    .ARM.Collect$$libshutdown$$00000010  c_w.l(libshutdown2.o)
    0x08000168   0x08000168   0x00000000   Code   RO         1776    .ARM.Collect$$rtentry$$00000000  c_w.l(__rtentry.o)
    0x08000168   0x08000168   0x00000000   Code   RO         1841    .ARM.Collect$$rtentry$$00000002  c_w.l(__rtentry2.o)
    0x08000168   0x08000168   0x00000006   Code   RO         1853    .ARM.Collect$$rtentry$$00000004  c_w.l(__rtentry4.o)
    0x0800016e   0x0800016e   0x00000000   Code   RO         1843    .ARM.Collect$$rtentry$$00000009  c_w.l(__rtentry2.o)
    0x0800016e   0x0800016e   0x00000004   Code   RO         1844    .ARM.Collect$$rtentry$$0000000A  c_w.l(__rtentry2.o)
    0x08000172   0x08000172   0x00000000   Code   RO         1846    .ARM.Collect$$rtentry$$0000000C  c_w.l(__rtentry2.o)
    0x08000172   0x08000172   0x00000008   Code   RO         1847    .ARM.Collect$$rtentry$$0000000D  c_w.l(__rtentry2.o)
    0x0800017a   0x0800017a   0x00000002   Code   RO         1891    .ARM.Collect$$rtexit$$00000000  c_w.l(rtexit.o)
    0x0800017c   0x0800017c   0x00000000   Code   RO         1953    .ARM.Collect$$rtexit$$00000002  c_w.l(rtexit2.o)
    0x0800017c   0x0800017c   0x00000004   Code   RO         1954    .ARM.Collect$$rtexit$$00000003  c_w.l(rtexit2.o)
    0x08000180   0x08000180   0x00000006   Code   RO         1955    .ARM.Collect$$rtexit$$00000004  c_w.l(rtexit2.o)
    0x08000186   0x08000186   0x00000002   PAD
    0x08000188   0x08000188   0x00000040   Code   RO            4    .text               startup_stm32f10x_md.o
    0x080001c8   0x080001c8   0x00000074   Code   RO         1709    .text               c_w.l(llsdiv.o)
    0x0800023c   0x0800023c   0x00000058   Code   RO         1711    .text               c_w.l(memcmp.o)
    0x08000294   0x08000294   0x00000006   Code   RO         1717    .text               c_w.l(heapauxi.o)
    0x0800029a   0x0800029a   0x000000f0   Code   RO         1781    .text               c_w.l(lludivv7m.o)
    0x0800038a   0x0800038a   0x00000016   Code   RO         1783    .text               c_w.l(_rserrno.o)
    0x080003a0   0x080003a0   0x00000008   Code   RO         1860    .text               c_w.l(rt_errno_addr_intlibspace.o)
    0x080003a8   0x080003a8   0x00000008   Code   RO         1872    .text               c_w.l(libspace.o)
    0x080003b0   0x080003b0   0x0000004a   Code   RO         1875    .text               c_w.l(sys_stackheap_outer.o)
    0x080003fa   0x080003fa   0x00000012   Code   RO         1877    .text               c_w.l(exit.o)
    0x0800040c   0x0800040c   0x0000000c   Code   RO         1948    .text               c_w.l(sys_exit.o)
    0x08000418   0x08000418   0x00000002   Code   RO         1971    .text               c_w.l(use_no_semi.o)
    0x0800041a   0x0800041a   0x00000000   Code   RO         1973    .text               c_w.l(indicate_semi.o)
    0x0800041a   0x0800041a   0x00000002   PAD
    0x0800041c   0x0800041c   0x00000002   Code   RO         1689    .text.BusFault_Handler  stm32f10x_it.o
    0x0800041e   0x0800041e   0x00000002   PAD
    0x08000420   0x08000420   0x00000168   Code   RO         1321    .text.DMP_Init      mpu6050.o
    0x08000588   0x08000588   0x00000002   Code   RO         1695    .text.DebugMon_Handler  stm32f10x_it.o
    0x0800058a   0x0800058a   0x00000002   PAD
    0x0800058c   0x0800058c   0x0000004c   Code   RO         1204    .text.EXTI15_10_IRQHandler  key.o
    0x080005d8   0x080005d8   0x0000000c   Code   RO          357    .text.EXTI_ClearITPendingBit  stm32f10x_exti.o
    0x080005e4   0x080005e4   0x0000001e   Code   RO          355    .text.EXTI_GetITStatus  stm32f10x_exti.o
    0x08000602   0x08000602   0x00000002   PAD
    0x08000604   0x08000604   0x00000068   Code   RO          345    .text.EXTI_Init     stm32f10x_exti.o
    0x0800066c   0x0800066c   0x00000074   Code   RO         1657    .text.Entry_StopMode  lpm.o
    0x080006e0   0x080006e0   0x00000068   Code   RO         1403    .text.Forward       motor.o
    0x08000748   0x08000748   0x0000002e   Code   RO          509    .text.GPIO_EXTILineConfig  stm32f10x_gpio.o
    0x08000776   0x08000776   0x00000002   PAD
    0x08000778   0x08000778   0x000000c0   Code   RO          481    .text.GPIO_Init     stm32f10x_gpio.o
    0x08000838   0x08000838   0x0000000a   Code   RO          485    .text.GPIO_ReadInputDataBit  stm32f10x_gpio.o
    0x08000842   0x08000842   0x00000002   PAD
    0x08000844   0x08000844   0x0000000a   Code   RO          489    .text.GPIO_ReadOutputDataBit  stm32f10x_gpio.o
    0x0800084e   0x0800084e   0x00000002   PAD
    0x08000850   0x08000850   0x00000004   Code   RO          495    .text.GPIO_ResetBits  stm32f10x_gpio.o
    0x08000854   0x08000854   0x00000004   Code   RO          493    .text.GPIO_SetBits  stm32f10x_gpio.o
    0x08000858   0x08000858   0x0000000c   Code   RO          497    .text.GPIO_WriteBit  stm32f10x_gpio.o
    0x08000864   0x08000864   0x0000002e   Code   RO         1354    .text.Get_YawOffset  timer.o
    0x08000892   0x08000892   0x00000002   PAD
    0x08000894   0x08000894   0x0000006c   Code   RO         1433    .text.HCSR04_GetValue  sr04.o
    0x08000900   0x08000900   0x00000062   Code   RO         1429    .text.HCSR04_Init   sr04.o
    0x08000962   0x08000962   0x00000002   PAD
    0x08000964   0x08000964   0x00000002   Code   RO         1685    .text.HardFault_Handler  stm32f10x_it.o
    0x08000966   0x08000966   0x00000002   PAD
    0x08000968   0x08000968   0x000001d0   Code   RO         1279    .text.I2C_ReadOneByte  myi2c.o
    0x08000b38   0x08000b38   0x00000030   Code   RO         1259    .text.IIC_Init      myi2c.o
    0x08000b68   0x08000b68   0x0000009c   Code   RO         1273    .text.IIC_Read_Byte  myi2c.o
    0x08000c04   0x08000c04   0x00000084   Code   RO         1265    .text.IIC_Wait_Ack  myi2c.o
    0x08000c88   0x08000c88   0x00000038   Code   RO         1291    .text.IICwriteBit   myi2c.o
    0x08000cc0   0x08000cc0   0x00000056   Code   RO         1289    .text.IICwriteBits  myi2c.o
    0x08000d16   0x08000d16   0x00000002   PAD
    0x08000d18   0x08000d18   0x000001a0   Code   RO         1283    .text.IICwriteBytes  myi2c.o
    0x08000eb8   0x08000eb8   0x00000068   Code   RO         1198    .text.Key_Init      key.o
    0x08000f20   0x08000f20   0x0000000e   Code   RO         1179    .text.LED1_ON       led.o
    0x08000f2e   0x08000f2e   0x00000002   PAD
    0x08000f30   0x08000f30   0x0000002c   Code   RO         1183    .text.LED1_Turn     led.o
    0x08000f5c   0x08000f5c   0x00000030   Code   RO         1177    .text.LED_Init      led.o
    0x08000f8c   0x08000f8c   0x0000000a   Code   RO         1653    .text.LPM_Init      lpm.o
    0x08000f96   0x08000f96   0x00000002   PAD
    0x08000f98   0x08000f98   0x000000f2   Code   RO         1443    .text.L_PID_Control  pid.o
    0x0800108a   0x0800108a   0x00000002   PAD
    0x0800108c   0x0800108c   0x0000005e   Code   RO         1319    .text.MPU6050_initialize  mpu6050.o
    0x080010ea   0x080010ea   0x00000002   PAD
    0x080010ec   0x080010ec   0x00000002   Code   RO         1687    .text.MemManage_Handler  stm32f10x_it.o
    0x080010ee   0x080010ee   0x00000002   PAD
    0x080010f0   0x080010f0   0x00000032   Code   RO         1399    .text.MotorA_SetSpeed  motor.o
    0x08001122   0x08001122   0x00000002   PAD
    0x08001124   0x08001124   0x00000048   Code   RO         1397    .text.Motor_Init    motor.o
    0x0800116c   0x0800116c   0x0000004a   Code   RO         1407    .text.Motor_Stop    motor.o
    0x080011b6   0x080011b6   0x00000002   PAD
    0x080011b8   0x080011b8   0x00000114   Code   RO         1466    .text.Movement_Algo  algorithm.o
    0x080012cc   0x080012cc   0x00000002   Code   RO         1683    .text.NMI_Handler   stm32f10x_it.o
    0x080012ce   0x080012ce   0x00000002   PAD
    0x080012d0   0x080012d0   0x0000005e   Code   RO           27    .text.NVIC_Init     misc.o
    0x0800132e   0x0800132e   0x00000002   PAD
    0x08001330   0x08001330   0x00000014   Code   RO           25    .text.NVIC_PriorityGroupConfig  misc.o
    0x08001344   0x08001344   0x00000038   Code   RO         1230    .text.OLED_Clear    oled.o
    0x0800137c   0x0800137c   0x00000110   Code   RO         1246    .text.OLED_Init     oled.o
    0x0800148c   0x0800148c   0x0000008e   Code   RO         1232    .text.OLED_ShowChar  oled.o
    0x0800151a   0x0800151a   0x00000002   PAD
    0x0800151c   0x0800151c   0x00000074   Code   RO         1238    .text.OLED_ShowNum  oled.o
    0x08001590   0x08001590   0x00000088   Code   RO         1240    .text.OLED_ShowSignedNum  oled.o
    0x08001618   0x08001618   0x0000002a   Code   RO         1234    .text.OLED_ShowString  oled.o
    0x08001642   0x08001642   0x00000002   PAD
    0x08001644   0x08001644   0x00000146   Code   RO         1224    .text.OLED_WriteCommand  oled.o
    0x0800178a   0x0800178a   0x00000002   PAD
    0x0800178c   0x0800178c   0x0000014e   Code   RO         1226    .text.OLED_WriteData  oled.o
    0x080018da   0x080018da   0x00000002   PAD
    0x080018dc   0x080018dc   0x0000000e   Code   RO         1358    .text.PWM_SetCompare1  timer.o
    0x080018ea   0x080018ea   0x00000002   PAD
    0x080018ec   0x080018ec   0x0000000e   Code   RO         1362    .text.PWM_SetCompare3  timer.o
    0x080018fa   0x080018fa   0x00000002   PAD
    0x080018fc   0x080018fc   0x0000000e   Code   RO         1364    .text.PWM_SetCompare4  timer.o
    0x0800190a   0x0800190a   0x00000002   PAD
    0x0800190c   0x0800190c   0x0000003a   Code   RO          626    .text.PWR_EnterSTOPMode  stm32f10x_pwr.o
    0x08001946   0x08001946   0x00000002   PAD
    0x08001948   0x08001948   0x00000002   Code   RO         1697    .text.PendSV_Handler  stm32f10x_it.o
    0x0800194a   0x0800194a   0x00000002   PAD
    0x0800194c   0x0800194c   0x00000018   Code   RO          688    .text.RCC_APB1PeriphClockCmd  stm32f10x_rcc.o
    0x08001964   0x08001964   0x00000018   Code   RO          686    .text.RCC_APB2PeriphClockCmd  stm32f10x_rcc.o
    0x0800197c   0x0800197c   0x00000242   Code   RO         1323    .text.Read_DMP      mpu6050.o
    0x08001bbe   0x08001bbe   0x00000002   PAD
    0x08001bc0   0x08001bc0   0x00000002   Code   RO         1693    .text.SVC_Handler   stm32f10x_it.o
    0x08001bc2   0x08001bc2   0x00000002   PAD
    0x08001bc4   0x08001bc4   0x00000012   Code   RO         1655    .text.Start_StopMode  lpm.o
    0x08001bd6   0x08001bd6   0x00000002   PAD
    0x08001bd8   0x08001bd8   0x00000018   Code   RO           33    .text.SysTick_CLKSourceConfig  misc.o
    0x08001bf0   0x08001bf0   0x00000002   Code   RO         1699    .text.SysTick_Handler  stm32f10x_it.o
    0x08001bf2   0x08001bf2   0x00000002   PAD
    0x08001bf4   0x08001bf4   0x00000110   Code   RO           11    .text.SystemInit    system_stm32f10x.o
    0x08001d04   0x08001d04   0x00000104   Code   RO         1356    .text.TIM1_Init     timer.o
    0x08001e08   0x08001e08   0x0000006c   Code   RO         1368    .text.TIM2_IRQHandler  timer.o
    0x08001e74   0x08001e74   0x00000072   Code   RO         1366    .text.TIM2_Init     timer.o
    0x08001ee6   0x08001ee6   0x00000002   PAD
    0x08001ee8   0x08001ee8   0x000000f8   Code   RO         1352    .text.TIM3_IRQHandler  timer.o
    0x08001fe0   0x08001fe0   0x00000072   Code   RO         1350    .text.TIM3_Init     timer.o
    0x08002052   0x08002052   0x00000002   PAD
    0x08002054   0x08002054   0x00000064   Code   RO         1378    .text.TIM4_Delay_ms  timer.o
    0x080020b8   0x080020b8   0x0000002e   Code   RO         1380    .text.TIM4_IRQHandler  timer.o
    0x080020e6   0x080020e6   0x00000002   PAD
    0x080020e8   0x080020e8   0x00000038   Code   RO         1370    .text.TIM4_Init     timer.o
    0x08002120   0x08002120   0x00000006   Code   RO         1042    .text.TIM_ClearFlag  stm32f10x_tim.o
    0x08002126   0x08002126   0x00000002   PAD
    0x08002128   0x08002128   0x00000006   Code   RO         1046    .text.TIM_ClearITPendingBit  stm32f10x_tim.o
    0x0800212e   0x0800212e   0x00000002   PAD
    0x08002130   0x08002130   0x00000012   Code   RO          908    .text.TIM_Cmd       stm32f10x_tim.o
    0x08002142   0x08002142   0x00000002   PAD
    0x08002144   0x08002144   0x00000018   Code   RO          910    .text.TIM_CtrlPWMOutputs  stm32f10x_tim.o
    0x0800215c   0x0800215c   0x00000018   Code   RO         1044    .text.TIM_GetITStatus  stm32f10x_tim.o
    0x08002174   0x08002174   0x00000010   Code   RO          912    .text.TIM_ITConfig  stm32f10x_tim.o
    0x08002184   0x08002184   0x0000000a   Code   RO          920    .text.TIM_InternalClockConfig  stm32f10x_tim.o
    0x0800218e   0x0800218e   0x00000002   PAD
    0x08002190   0x08002190   0x00000070   Code   RO          878    .text.TIM_OC1Init   stm32f10x_tim.o
    0x08002200   0x08002200   0x00000074   Code   RO          880    .text.TIM_OC2Init   stm32f10x_tim.o
    0x08002274   0x08002274   0x00000074   Code   RO          882    .text.TIM_OC3Init   stm32f10x_tim.o
    0x080022e8   0x080022e8   0x0000005c   Code   RO          884    .text.TIM_OC4Init   stm32f10x_tim.o
    0x08002344   0x08002344   0x0000000c   Code   RO          902    .text.TIM_OCStructInit  stm32f10x_tim.o
    0x08002350   0x08002350   0x00000004   Code   RO         1018    .text.TIM_SetCompare1  stm32f10x_tim.o
    0x08002354   0x08002354   0x00000004   Code   RO         1022    .text.TIM_SetCompare3  stm32f10x_tim.o
    0x08002358   0x08002358   0x00000006   Code   RO         1024    .text.TIM_SetCompare4  stm32f10x_tim.o
    0x0800235e   0x0800235e   0x00000002   PAD
    0x08002360   0x08002360   0x000000aa   Code   RO          876    .text.TIM_TimeBaseInit  stm32f10x_tim.o
    0x0800240a   0x0800240a   0x00000002   PAD
    0x0800240c   0x0800240c   0x0000009e   Code   RO         1409    .text.TurnLeft      motor.o
    0x080024aa   0x080024aa   0x00000002   PAD
    0x080024ac   0x080024ac   0x0000009e   Code   RO         1411    .text.TurnRight     motor.o
    0x0800254a   0x0800254a   0x00000002   PAD
    0x0800254c   0x0800254c   0x00000002   Code   RO         1691    .text.UsageFault_Handler  stm32f10x_it.o
    0x0800254e   0x0800254e   0x00000002   PAD
    0x08002550   0x08002550   0x00000042   Code   RO         1146    .text.delay_init    delay.o
    0x08002592   0x08002592   0x00000002   PAD
    0x08002594   0x08002594   0x0000003c   Code   RO         1150    .text.delay_ms      delay.o
    0x080025d0   0x080025d0   0x0000003c   Code   RO         1148    .text.delay_us      delay.o
    0x0800260c   0x0800260c   0x000002b0   Code   RO         1611    .text.dmp_enable_feature  inv_mpu_dmp_motion_driver.o
    0x080028bc   0x080028bc   0x00000016   Code   RO         1575    .text.dmp_load_motion_driver_firmware  inv_mpu_dmp_motion_driver.o
    0x080028d2   0x080028d2   0x00000002   PAD
    0x080028d4   0x080028d4   0x000001e2   Code   RO         1623    .text.dmp_read_fifo  inv_mpu_dmp_motion_driver.o
    0x08002ab6   0x08002ab6   0x00000002   PAD
    0x08002ab8   0x08002ab8   0x000000c0   Code   RO         1581    .text.dmp_set_accel_bias  inv_mpu_dmp_motion_driver.o
    0x08002b78   0x08002b78   0x0000006e   Code   RO         1583    .text.dmp_set_fifo_rate  inv_mpu_dmp_motion_driver.o
    0x08002be6   0x08002be6   0x00000002   PAD
    0x08002be8   0x08002be8   0x000000de   Code   RO         1579    .text.dmp_set_gyro_bias  inv_mpu_dmp_motion_driver.o
    0x08002cc6   0x08002cc6   0x00000002   PAD
    0x08002cc8   0x08002cc8   0x00000110   Code   RO         1577    .text.dmp_set_orientation  inv_mpu_dmp_motion_driver.o
    0x08002dd8   0x08002dd8   0x00000124   Code   RO         1587    .text.dmp_set_tap_thresh  inv_mpu_dmp_motion_driver.o
    0x08002efc   0x08002efc   0x00000008   Code   RO         1417    .text.fan_Start     motor.o
    0x08002f04   0x08002f04   0x00000006   Code   RO         1419    .text.fan_Stop      motor.o
    0x08002f0a   0x08002f0a   0x00000002   PAD
    0x08002f0c   0x08002f0c   0x0000003a   Code   RO         1206    .text.get_KeyFlag   key.o
    0x08002f46   0x08002f46   0x00000002   PAD
    0x08002f48   0x08002f48   0x00000356   Code   RO         1545    .text.get_st_biases  inv_mpu.o
    0x0800329e   0x0800329e   0x00000002   PAD
    0x080032a0   0x080032a0   0x0000021e   Code   RO         1277    .text.i2cRead       myi2c.o
    0x080034be   0x080034be   0x00000002   PAD
    0x080034c0   0x080034c0   0x000001cc   Code   RO         1275    .text.i2cWrite      myi2c.o
    0x0800368c   0x0800368c   0x0000003a   Code   RO         1202    .text.interrupt_Disable  key.o
    0x080036c6   0x080036c6   0x00000002   PAD
    0x080036c8   0x080036c8   0x00000038   Code   RO         1200    .text.interrupt_Enable  key.o
    0x08003700   0x08003700   0x000000fc   Code   RO         1667    .text.main          main.o
    0x080037fc   0x080037fc   0x00000098   Code   RO         1491    .text.mpu_configure_fifo  inv_mpu.o
    0x08003894   0x08003894   0x00000038   Code   RO         1515    .text.mpu_get_accel_fsr  inv_mpu.o
    0x080038cc   0x080038cc   0x0000003c   Code   RO         1527    .text.mpu_get_accel_sens  inv_mpu.o
    0x08003908   0x08003908   0x00000042   Code   RO         1525    .text.mpu_get_gyro_sens  inv_mpu.o
    0x0800394a   0x0800394a   0x00000002   PAD
    0x0800394c   0x0800394c   0x00000176   Code   RO         1481    .text.mpu_init      inv_mpu.o
    0x08003ac2   0x08003ac2   0x00000002   PAD
    0x08003ac4   0x08003ac4   0x00000170   Code   RO         1551    .text.mpu_load_firmware  inv_mpu.o
    0x08003c34   0x08003c34   0x000001e0   Code   RO         1497    .text.mpu_lp_accel_mode  inv_mpu.o
    0x08003e14   0x08003e14   0x000000aa   Code   RO         1537    .text.mpu_read_fifo_stream  inv_mpu.o
    0x08003ebe   0x08003ebe   0x00000002   PAD
    0x08003ec0   0x08003ec0   0x00000174   Code   RO         1511    .text.mpu_reset_fifo  inv_mpu.o
    0x08004034   0x08004034   0x000004b8   Code   RO         1541    .text.mpu_run_self_test  inv_mpu.o
    0x080044ec   0x080044ec   0x00000078   Code   RO         1485    .text.mpu_set_accel_fsr  inv_mpu.o
    0x08004564   0x08004564   0x000000ea   Code   RO         1493    .text.mpu_set_bypass  inv_mpu.o
    0x0800464e   0x0800464e   0x00000002   PAD
    0x08004650   0x08004650   0x000000de   Code   RO         1543    .text.mpu_set_dmp_state  inv_mpu.o
    0x0800472e   0x0800472e   0x00000002   PAD
    0x08004730   0x08004730   0x0000006e   Code   RO         1487    .text.mpu_set_lpf   inv_mpu.o
    0x0800479e   0x0800479e   0x00000002   PAD
    0x080047a0   0x080047a0   0x000000dc   Code   RO         1489    .text.mpu_set_sample_rate  inv_mpu.o
    0x0800487c   0x0800487c   0x000000f6   Code   RO         1495    .text.mpu_set_sensors  inv_mpu.o
    0x08004972   0x08004972   0x00000002   PAD
    0x08004974   0x08004974   0x00000064   Code   RO         1547    .text.mpu_write_mem  inv_mpu.o
    0x080049d8   0x080049d8   0x00000002   Code   RO         1503    .text.myget_ms      inv_mpu.o
    0x080049da   0x080049da   0x00000028   Code   RO         1831    i.__ARM_fpclassify  m_ws.l(fpclassify.o)
    0x08004a02   0x08004a02   0x000000aa   Code   RO         1833    i.__kernel_poly     m_ws.l(poly.o)
    0x08004aac   0x08004aac   0x00000006   Code   RO         1818    i.__mathlib_dbl_infnan  m_ws.l(dunder.o)
    0x08004ab2   0x08004ab2   0x00000004   Code   RO         1819    i.__mathlib_dbl_infnan2  m_ws.l(dunder.o)
    0x08004ab6   0x08004ab6   0x0000000c   Code   RO         1820    i.__mathlib_dbl_invalid  m_ws.l(dunder.o)
    0x08004ac2   0x08004ac2   0x00000002   PAD
    0x08004ac4   0x08004ac4   0x00000010   Code   RO         1823    i.__mathlib_dbl_underflow  m_ws.l(dunder.o)
    0x08004ad4   0x08004ad4   0x00000270   Code   RO         1768    i.asin              m_ws.l(asin.o)
    0x08004d44   0x08004d44   0x00000220   Code   RO         1813    i.atan              m_ws.l(atan.o)
    0x08004f64   0x08004f64   0x0000019c   Code   RO         1773    i.atan2             m_ws.l(atan2.o)
    0x08005100   0x08005100   0x0000004c   Code   RO         1837    i.sqrt              m_ws.l(sqrt.o)
    0x0800514c   0x0800514c   0x00000062   Code   RO         1721    x$fpl$d2f           fz_ws.l(d2f.o)
    0x080051ae   0x080051ae   0x00000002   PAD
    0x080051b0   0x080051b0   0x00000150   Code   RO         1723    x$fpl$dadd          fz_ws.l(daddsub_clz.o)
    0x08005300   0x08005300   0x00000010   Code   RO         1864    x$fpl$dcheck1       fz_ws.l(dcheck1.o)
    0x08005310   0x08005310   0x00000018   Code   RO         1866    x$fpl$dcmpinf       fz_ws.l(dcmpi.o)
    0x08005328   0x08005328   0x000002b4   Code   RO         1790    x$fpl$ddiv          fz_ws.l(ddiv.o)
    0x080055dc   0x080055dc   0x00000078   Code   RO         1793    x$fpl$deqf          fz_ws.l(deqf.o)
    0x08005654   0x08005654   0x00000026   Code   RO         1729    x$fpl$dfltu         fz_ws.l(dflt_clz.o)
    0x0800567a   0x0800567a   0x00000002   PAD
    0x0800567c   0x0800567c   0x00000154   Code   RO         1735    x$fpl$dmul          fz_ws.l(dmul.o)
    0x080057d0   0x080057d0   0x0000009c   Code   RO         1795    x$fpl$dnaninf       fz_ws.l(dnaninf.o)
    0x0800586c   0x0800586c   0x0000000c   Code   RO         1797    x$fpl$dretinf       fz_ws.l(dretinf.o)
    0x08005878   0x08005878   0x00000016   Code   RO         1724    x$fpl$drsb          fz_ws.l(daddsub_clz.o)
    0x0800588e   0x0800588e   0x00000002   PAD
    0x08005890   0x08005890   0x000001cc   Code   RO         1868    x$fpl$dsqrt         fz_ws.l(dsqrt_noumaal.o)
    0x08005a5c   0x08005a5c   0x000001dc   Code   RO         1725    x$fpl$dsub          fz_ws.l(daddsub_clz.o)
    0x08005c38   0x08005c38   0x00000056   Code   RO         1737    x$fpl$f2d           fz_ws.l(f2d.o)
    0x08005c8e   0x08005c8e   0x00000002   PAD
    0x08005c90   0x08005c90   0x000000c4   Code   RO         1739    x$fpl$fadd          fz_ws.l(faddsub_clz.o)
    0x08005d54   0x08005d54   0x00000054   Code   RO         1745    x$fpl$fcmp          fz_ws.l(fcmp.o)
    0x08005da8   0x08005da8   0x00000018   Code   RO         1870    x$fpl$fcmpinf       fz_ws.l(fcmpi.o)
    0x08005dc0   0x08005dc0   0x00000184   Code   RO         1748    x$fpl$fdiv          fz_ws.l(fdiv.o)
    0x08005f44   0x08005f44   0x00000068   Code   RO         1799    x$fpl$feqf          fz_ws.l(feqf.o)
    0x08005fac   0x08005fac   0x00000036   Code   RO         1751    x$fpl$ffix          fz_ws.l(ffix.o)
    0x08005fe2   0x08005fe2   0x00000002   PAD
    0x08005fe4   0x08005fe4   0x0000003e   Code   RO         1755    x$fpl$ffixu         fz_ws.l(ffixu.o)
    0x08006022   0x08006022   0x00000002   PAD
    0x08006024   0x08006024   0x00000030   Code   RO         1760    x$fpl$fflt          fz_ws.l(fflt_clz.o)
    0x08006054   0x08006054   0x00000026   Code   RO         1759    x$fpl$ffltu         fz_ws.l(fflt_clz.o)
    0x0800607a   0x0800607a   0x00000002   PAD
    0x0800607c   0x0800607c   0x00000068   Code   RO         1801    x$fpl$fgeqf         fz_ws.l(fgeqf.o)
    0x080060e4   0x080060e4   0x00000068   Code   RO         1803    x$fpl$fleqf         fz_ws.l(fleqf.o)
    0x0800614c   0x0800614c   0x00000102   Code   RO         1765    x$fpl$fmul          fz_ws.l(fmul.o)
    0x0800624e   0x0800624e   0x0000008c   Code   RO         1805    x$fpl$fnaninf       fz_ws.l(fnaninf.o)
    0x080062da   0x080062da   0x0000000a   Code   RO         1807    x$fpl$fretinf       fz_ws.l(fretinf.o)
    0x080062e4   0x080062e4   0x000000ea   Code   RO         1741    x$fpl$fsub          fz_ws.l(faddsub_clz.o)
    0x080063ce   0x080063ce   0x00000064   Code   RO         1889    x$fpl$retnan        fz_ws.l(retnan.o)
    0x08006432   0x08006432   0x0000005c   Code   RO         1809    x$fpl$scalbn        fz_ws.l(scalbn.o)
    0x0800648e   0x0800648e   0x00000030   Code   RO         1946    x$fpl$trapveneer    fz_ws.l(trapv.o)
    0x080064be   0x080064be   0x00000000   Code   RO         1811    x$fpl$usenofp       fz_ws.l(usenofp.o)
    0x080064be   0x080064be   0x00000002   PAD
    0x080064c0   0x080064c0   0x00000050   Data   RO         1769    .constdata          m_ws.l(asin.o)
    0x08006510   0x08006510   0x00000098   Data   RO         1814    .constdata          m_ws.l(atan.o)
    0x080065a8   0x080065a8   0x00000008   Data   RO         1835    .constdata          m_ws.l(qnan.o)
    0x080065b0   0x080065b0   0x00000003   Data   RO         1631    .rodata..L__const.dmp_set_orientation.accel_axes  inv_mpu_dmp_motion_driver.o
    0x080065b3   0x080065b3   0x00000003   Data   RO         1630    .rodata..L__const.dmp_set_orientation.gyro_axes  inv_mpu_dmp_motion_driver.o
    0x080065b6   0x080065b6   0x000005f0   Data   RO         1248    .rodata.OLED_F8x16  oled.o
    0x08006ba6   0x08006ba6   0x00000bf6   Data   RO         1629    .rodata.dmp_memory  inv_mpu_dmp_motion_driver.o
    0x0800779c   0x0800779c   0x0000000c   Data   RO         1561    .rodata.hw          inv_mpu.o
    0x080077a8   0x080077a8   0x0000001b   Data   RO         1562    .rodata.reg         inv_mpu.o
    0x080077c3   0x080077c3   0x0000000f   Data   RO         1338    .rodata.str1.1      mpu6050.o
    0x080077d2   0x080077d2   0x00000002   PAD
    0x080077d4   0x080077d4   0x00000028   Data   RO         1563    .rodata.test        inv_mpu.o
    0x080077fc   0x080077fc   0x00000020   Data   RO         2026    Region$$Table       anon$$obj.o


    Execution Region RW_IRAM1 (Exec base: 0x20000000, Load base: 0x08007820, Size: 0x00000710, Max: 0x00005000, ABSOLUTE)

    Exec Addr    Load Addr    Size         Type   Attr      Idx    E Section Name        Object

    0x20000000   0x08007820   0x00000004   Data   RW         1449    .data.Kd            pid.o
    0x20000004   0x08007824   0x00000004   Data   RW         1448    .data.Ki            pid.o
    0x20000008   0x08007828   0x00000004   Data   RW         1447    .data.Kp            pid.o
    0x2000000c   0x0800782c   0x00000001   Data   RW         1671    .data.Once_Setting  main.o
    0x2000000d   0x0800782d   0x00000003   PAD
    0x20000010   0x08007830   0x00000004   Data   RW           15    .data.SystemCoreClock  system_stm32f10x.o
    0x20000014   0x08007834   0x00000004   Data   RW         1329    .data.q0            mpu6050.o
    0x20000018   0x08007838   0x0000002c   Data   RW         1564    .data.st            inv_mpu.o
    0x20000044   0x08007864   0x00000004   PAD
    0x20000048        -       0x00000060   Zero   RW         1873    .bss                c_w.l(libspace.o)
    0x200000a8        -       0x00000001   Zero   RW         1386    .bss.Echo_number    timer.o
    0x200000a9   0x08007864   0x00000003   PAD
    0x200000ac        -       0x00000004   Zero   RW         1672    .bss.Pitch          main.o
    0x200000b0        -       0x00000004   Zero   RW         1673    .bss.Roll           main.o
    0x200000b4        -       0x00000002   Zero   RW         1435    .bss.Time           sr04.o
    0x200000b6        -       0x00000001   Zero   RW         1468    .bss.Turn           algorithm.o
    0x200000b7   0x08007864   0x00000001   PAD
    0x200000b8        -       0x00000004   Zero   RW         1674    .bss.Yaw            main.o
    0x200000bc        -       0x00000004   Zero   RW         1385    .bss.Yaw_offset     timer.o
    0x200000c0        -       0x00000006   Zero   RW         1340    .bss.accel          mpu6050.o
    0x200000c6        -       0x00000001   Zero   RW         1384    .bss.count_algoTime  timer.o
    0x200000c7        -       0x00000001   Zero   RW         1383    .bss.count_offserTime  timer.o
    0x200000c8        -       0x00000001   Zero   RW         1387    .bss.delay_flag     timer.o
    0x200000c9   0x08007864   0x00000003   PAD
    0x200000cc        -       0x00000004   Zero   RW         1469    .bss.distance       algorithm.o
    0x200000d0        -       0x00000004   Zero   RW         1634    .bss.dmp.0          inv_mpu_dmp_motion_driver.o
    0x200000d4        -       0x00000004   Zero   RW         1635    .bss.dmp.1          inv_mpu_dmp_motion_driver.o
    0x200000d8        -       0x00000002   Zero   RW         1636    .bss.dmp.2          inv_mpu_dmp_motion_driver.o
    0x200000da   0x08007864   0x00000002   PAD
    0x200000dc        -       0x00000002   Zero   RW         1637    .bss.dmp.3          inv_mpu_dmp_motion_driver.o
    0x200000de   0x08007864   0x00000002   PAD
    0x200000e0        -       0x00000002   Zero   RW         1638    .bss.dmp.4          inv_mpu_dmp_motion_driver.o
    0x200000e2        -       0x00000001   Zero   RW         1639    .bss.dmp.5          inv_mpu_dmp_motion_driver.o
    0x200000e3   0x08007864   0x00000001   PAD
    0x200000e4        -       0x00000002   Zero   RW         1153    .bss.fac_ms         delay.o
    0x200000e6        -       0x00000001   Zero   RW         1152    .bss.fac_us         delay.o
    0x200000e7   0x08007864   0x00000001   PAD
    0x200000e8        -       0x00000006   Zero   RW         1339    .bss.gyro           mpu6050.o
    0x200000ee        -       0x00000002   Zero   RW         1453    .bss.left_PWM_change  pid.o
    0x200000f0        -       0x00000002   Zero   RW         1450    .bss.left_curr_err  pid.o
    0x200000f2        -       0x00000002   Zero   RW         1451    .bss.left_err_accum  pid.o
    0x200000f4        -       0x00000002   Zero   RW         1452    .bss.left_prev_err  pid.o
    0x200000f6   0x08007864   0x00000002   PAD
    0x200000f8        -       0x00000004   Zero   RW         1382    .bss.prev_Yaw       timer.o
    0x200000fc        -       0x00000004   Zero   RW         1330    .bss.q1             mpu6050.o
    0x20000100        -       0x00000004   Zero   RW         1331    .bss.q2             mpu6050.o
    0x20000104        -       0x00000004   Zero   RW         1332    .bss.q3             mpu6050.o
    0x20000108        -       0x00000002   Zero   RW         1341    .bss.sensors        mpu6050.o
    0x2000010a        -       0x00000001   Zero   RW         1470    .bss.work_status    algorithm.o
    0x2000010b   0x08007864   0x00000005   PAD
    0x20000110        -       0x00000200   Zero   RW            2    HEAP                startup_stm32f10x_md.o
    0x20000310        -       0x00000400   Zero   RW            1    STACK               startup_stm32f10x_md.o


==============================================================================

Image component sizes


      Code (inc. data)   RO Data    RW Data    ZI Data      Debug   Object Name

       276          0          0          0          6        802   algorithm.o
       186          0          0          0          3       1398   delay.o
      5414         32         79         44          0      26477   inv_mpu.o
      2280          8       3068          0         15      10878   inv_mpu_dmp_motion_driver.o
       352          0          0          0          0       3962   key.o
       106          0          0          0          0       2039   led.o
       144         24          0          0          0       1643   lpm.o
       252         24          0          1         12       1176   main.o
       138          0          0          0          0       3144   misc.o
       630          0          0          0          0       4074   motor.o
      1032          0         15          4         26       8371   mpu6050.o
      2360          0          0          0          0      13383   myi2c.o
      1424          0       1520          0          0       7971   oled.o
       242          0          0         12          8       1419   pid.o
       206          0          0          0          2       1903   sr04.o
        64         26        236          0       1536        808   startup_stm32f10x_md.o
       146          0          0          0          0       2726   stm32f10x_exti.o
       278          0          0          0          0       5912   stm32f10x_gpio.o
        18          0          0          0          0        992   stm32f10x_it.o
        58          0          0          0          0       3046   stm32f10x_pwr.o
        48          0          0          0          0       8256   stm32f10x_rcc.o
       736          0          0          0          0      28917   stm32f10x_tim.o
       272          0          0          4          0       2564   system_stm32f10x.o
      1134         16          0          0         12       8007   timer.o

    ----------------------------------------------------------------------
     17918        130       4952         68       1644     149868   Object Totals
         0          0         32          0          0          0   (incl. Generated)
       122          0          2          3         24          0   (incl. Padding)

    ----------------------------------------------------------------------

      Code (inc. data)   RO Data    RW Data    ZI Data      Debug   Library Member Name

         8          0          0          0          0         68   __main.o
         0          0          0          0          0          0   __rtentry.o
        12          0          0          0          0          0   __rtentry2.o
         6          0          0          0          0          0   __rtentry4.o
        52          8          0          0          0          0   __scatter.o
        26          0          0          0          0          0   __scatter_copy.o
        28          0          0          0          0          0   __scatter_zi.o
        22          0          0          0          0        100   _rserrno.o
        18          0          0          0          0         80   exit.o
         6          0          0          0          0        152   heapauxi.o
         0          0          0          0          0          0   indicate_semi.o
         2          0          0          0          0          0   libinit.o
         2          0          0          0          0          0   libinit2.o
         2          0          0          0          0          0   libshutdown.o
         2          0          0          0          0          0   libshutdown2.o
         8          4          0          0         96         68   libspace.o
       116          0          0          0          0         84   llsdiv.o
       240          0          0          0          0        100   lludivv7m.o
        88          0          0          0          0         76   memcmp.o
         8          4          0          0          0         68   rt_errno_addr_intlibspace.o
         2          0          0          0          0          0   rtexit.o
        10          0          0          0          0          0   rtexit2.o
        12          4          0          0          0         68   sys_exit.o
        74          0          0          0          0         80   sys_stackheap_outer.o
         2          0          0          0          0         68   use_no_semi.o
        98          4          0          0          0         92   d2f.o
       834         16          0          0          0        372   daddsub_clz.o
        16          4          0          0          0         68   dcheck1.o
        24          0          0          0          0         68   dcmpi.o
       692        140          0          0          0        216   ddiv.o
       120          4          0          0          0         92   deqf.o
        38          0          0          0          0         68   dflt_clz.o
       340         12          0          0          0        104   dmul.o
       156          4          0          0          0         92   dnaninf.o
        12          0          0          0          0         68   dretinf.o
       460         56          0          0          0        120   dsqrt_noumaal.o
        86          4          0          0          0         84   f2d.o
       430          8          0          0          0        168   faddsub_clz.o
        84          0          0          0          0        196   fcmp.o
        24          0          0          0          0         68   fcmpi.o
       388         76          0          0          0         96   fdiv.o
       104          4          0          0          0         84   feqf.o
        54          4          0          0          0         84   ffix.o
        62          4          0          0          0         84   ffixu.o
        86          0          0          0          0        136   fflt_clz.o
       104          4          0          0          0         84   fgeqf.o
       104          4          0          0          0         84   fleqf.o
       258          4          0          0          0         84   fmul.o
       140          4          0          0          0         84   fnaninf.o
        10          0          0          0          0         68   fretinf.o
       100          0          0          0          0         68   retnan.o
        92          0          0          0          0         68   scalbn.o
        48          0          0          0          0         68   trapv.o
         0          0          0          0          0          0   usenofp.o
       624         52         80          0          0        168   asin.o
       544         70        152          0          0        124   atan.o
       412         38          0          0          0        144   atan2.o
        38          6          0          0          0        272   dunder.o
        40          0          0          0          0         68   fpclassify.o
       170          0          0          0          0         96   poly.o
         0          0          8          0          0          0   qnan.o
        76          0          0          0          0         84   sqrt.o

    ----------------------------------------------------------------------
      7638        542        240          0         96       4936   Library Totals
        24          0          0          0          0          0   (incl. Padding)

    ----------------------------------------------------------------------

      Code (inc. data)   RO Data    RW Data    ZI Data      Debug   Library Name

       746         20          0          0         96       1012   c_w.l
      4964        356          0          0          0       2968   fz_ws.l
      1904        166        240          0          0        956   m_ws.l

    ----------------------------------------------------------------------
      7638        542        240          0         96       4936   Library Totals

    ----------------------------------------------------------------------

==============================================================================


      Code (inc. data)   RO Data    RW Data    ZI Data      Debug   

     25556        672       5192         68       1740     151812   Grand Totals
     25556        672       5192         68       1740     151812   ELF Image Totals
     25556        672       5192         68          0          0   ROM Totals

==============================================================================

    Total RO  Size (Code + RO Data)                30748 (  30.03kB)
    Total RW  Size (RW Data + ZI Data)              1808 (   1.77kB)
    Total ROM Size (Code + RO Data + RW Data)      30816 (  30.09kB)

==============================================================================

